Archive member included to satisfy reference by file (symbol)

c:/program files (x86)/atollic/truestudio for stm32 9.0.0/armtools/bin/../lib/gcc/arm-atollic-eabi/6.3.1/../../../../arm-atollic-eabi/lib/armv7e-m/fpu/fpv5-sp-d16\libc_nano.a(lib_a-impure.o)
                              Src\main.o (_impure_ptr)
c:/program files (x86)/atollic/truestudio for stm32 9.0.0/armtools/bin/../lib/gcc/arm-atollic-eabi/6.3.1/../../../../arm-atollic-eabi/lib/armv7e-m/fpu/fpv5-sp-d16\libc_nano.a(lib_a-init.o)
                              startup\startup_stm32f722xx.o (__libc_init_array)
c:/program files (x86)/atollic/truestudio for stm32 9.0.0/armtools/bin/../lib/gcc/arm-atollic-eabi/6.3.1/../../../../arm-atollic-eabi/lib/armv7e-m/fpu/fpv5-sp-d16\libc_nano.a(lib_a-nano-vfprintf_float.o)
                              (_printf_float)
c:/program files (x86)/atollic/truestudio for stm32 9.0.0/armtools/bin/../lib/gcc/arm-atollic-eabi/6.3.1/../../../../arm-atollic-eabi/lib/armv7e-m/fpu/fpv5-sp-d16\libc_nano.a(lib_a-nano-vfprintf_i.o)
                              c:/program files (x86)/atollic/truestudio for stm32 9.0.0/armtools/bin/../lib/gcc/arm-atollic-eabi/6.3.1/../../../../arm-atollic-eabi/lib/armv7e-m/fpu/fpv5-sp-d16\libc_nano.a(lib_a-nano-vfprintf_float.o) (_printf_common)
c:/program files (x86)/atollic/truestudio for stm32 9.0.0/armtools/bin/../lib/gcc/arm-atollic-eabi/6.3.1/../../../../arm-atollic-eabi/lib/armv7e-m/fpu/fpv5-sp-d16\libc_nano.a(lib_a-printf.o)
                              Src\gyro.o (printf)
c:/program files (x86)/atollic/truestudio for stm32 9.0.0/armtools/bin/../lib/gcc/arm-atollic-eabi/6.3.1/../../../../arm-atollic-eabi/lib/armv7e-m/fpu/fpv5-sp-d16\libc_nano.a(lib_a-putchar.o)
                              Src\misc.o (putchar)
c:/program files (x86)/atollic/truestudio for stm32 9.0.0/armtools/bin/../lib/gcc/arm-atollic-eabi/6.3.1/../../../../arm-atollic-eabi/lib/armv7e-m/fpu/fpv5-sp-d16\libc_nano.a(lib_a-puts.o)
                              Src\misc.o (puts)
c:/program files (x86)/atollic/truestudio for stm32 9.0.0/armtools/bin/../lib/gcc/arm-atollic-eabi/6.3.1/../../../../arm-atollic-eabi/lib/armv7e-m/fpu/fpv5-sp-d16\libc_nano.a(lib_a-reent.o)
                              Src\syscall.o (errno)
c:/program files (x86)/atollic/truestudio for stm32 9.0.0/armtools/bin/../lib/gcc/arm-atollic-eabi/6.3.1/../../../../arm-atollic-eabi/lib/armv7e-m/fpu/fpv5-sp-d16\libc_nano.a(lib_a-setbuf.o)
                              Src\main.o (setbuf)
c:/program files (x86)/atollic/truestudio for stm32 9.0.0/armtools/bin/../lib/gcc/arm-atollic-eabi/6.3.1/../../../../arm-atollic-eabi/lib/armv7e-m/fpu/fpv5-sp-d16\libc_nano.a(lib_a-setvbuf.o)
                              c:/program files (x86)/atollic/truestudio for stm32 9.0.0/armtools/bin/../lib/gcc/arm-atollic-eabi/6.3.1/../../../../arm-atollic-eabi/lib/armv7e-m/fpu/fpv5-sp-d16\libc_nano.a(lib_a-setbuf.o) (setvbuf)
c:/program files (x86)/atollic/truestudio for stm32 9.0.0/armtools/bin/../lib/gcc/arm-atollic-eabi/6.3.1/../../../../arm-atollic-eabi/lib/armv7e-m/fpu/fpv5-sp-d16\libc_nano.a(lib_a-strlen.o)
                              c:/program files (x86)/atollic/truestudio for stm32 9.0.0/armtools/bin/../lib/gcc/arm-atollic-eabi/6.3.1/../../../../arm-atollic-eabi/lib/armv7e-m/fpu/fpv5-sp-d16\libc_nano.a(lib_a-nano-vfprintf_float.o) (strlen)
c:/program files (x86)/atollic/truestudio for stm32 9.0.0/armtools/bin/../lib/gcc/arm-atollic-eabi/6.3.1/../../../../arm-atollic-eabi/lib/armv7e-m/fpu/fpv5-sp-d16\libc_nano.a(lib_a-wbuf.o)
                              c:/program files (x86)/atollic/truestudio for stm32 9.0.0/armtools/bin/../lib/gcc/arm-atollic-eabi/6.3.1/../../../../arm-atollic-eabi/lib/armv7e-m/fpu/fpv5-sp-d16\libc_nano.a(lib_a-puts.o) (__swbuf_r)
c:/program files (x86)/atollic/truestudio for stm32 9.0.0/armtools/bin/../lib/gcc/arm-atollic-eabi/6.3.1/../../../../arm-atollic-eabi/lib/armv7e-m/fpu/fpv5-sp-d16\libc_nano.a(lib_a-wsetup.o)
                              c:/program files (x86)/atollic/truestudio for stm32 9.0.0/armtools/bin/../lib/gcc/arm-atollic-eabi/6.3.1/../../../../arm-atollic-eabi/lib/armv7e-m/fpu/fpv5-sp-d16\libc_nano.a(lib_a-puts.o) (__swsetup_r)
c:/program files (x86)/atollic/truestudio for stm32 9.0.0/armtools/bin/../lib/gcc/arm-atollic-eabi/6.3.1/../../../../arm-atollic-eabi/lib/armv7e-m/fpu/fpv5-sp-d16\libc_nano.a(lib_a-dtoa.o)
                              c:/program files (x86)/atollic/truestudio for stm32 9.0.0/armtools/bin/../lib/gcc/arm-atollic-eabi/6.3.1/../../../../arm-atollic-eabi/lib/armv7e-m/fpu/fpv5-sp-d16\libc_nano.a(lib_a-nano-vfprintf_float.o) (_dtoa_r)
c:/program files (x86)/atollic/truestudio for stm32 9.0.0/armtools/bin/../lib/gcc/arm-atollic-eabi/6.3.1/../../../../arm-atollic-eabi/lib/armv7e-m/fpu/fpv5-sp-d16\libc_nano.a(lib_a-fflush.o)
[...]
Memory Configuration

Name             Origin             Length             Attributes
RAM              0x20000000         0x00040000         xrw
FLASH_SECTOR0    0x08000000         0x00004000         xr
FLASH_SECTOR1    0x08004000         0x00004000         xr
FLASH            0x08008000         0x00078000         xr
*default*        0x00000000         0xffffffff

Linker script and memory map

LOAD c:/program files (x86)/atollic/truestudio for stm32 9.0.0/armtools/bin/../lib/gcc/arm-atollic-eabi/6.3.1/armv7e-m/fpu/fpv5-sp-d16/crti.o
LOAD c:/program files (x86)/atollic/truestudio for stm32 9.0.0/armtools/bin/../lib/gcc/arm-atollic-eabi/6.3.1/armv7e-m/fpu/fpv5-sp-d16/crtbegin.o
LOAD Drivers\STM32F7xx_HAL_Driver\Src\stm32f7xx_hal.o
LOAD Drivers\STM32F7xx_HAL_Driver\Src\stm32f7xx_hal_adc.o
LOAD Drivers\STM32F7xx_HAL_Driver\Src\stm32f7xx_hal_adc_ex.o
LOAD Drivers\STM32F7xx_HAL_Driver\Src\stm32f7xx_hal_cortex.o
LOAD Drivers\STM32F7xx_HAL_Driver\Src\stm32f7xx_hal_dma.o
LOAD Drivers\STM32F7xx_HAL_Driver\Src\stm32f7xx_hal_dma_ex.o
LOAD Drivers\STM32F7xx_HAL_Driver\Src\stm32f7xx_hal_flash.o
LOAD Drivers\STM32F7xx_HAL_Driver\Src\stm32f7xx_hal_flash_ex.o
LOAD Drivers\STM32F7xx_HAL_Driver\Src\stm32f7xx_hal_gpio.o
LOAD Drivers\STM32F7xx_HAL_Driver\Src\stm32f7xx_hal_i2c.o
LOAD Drivers\STM32F7xx_HAL_Driver\Src\stm32f7xx_hal_i2c_ex.o
LOAD Drivers\STM32F7xx_HAL_Driver\Src\stm32f7xx_hal_pwr.o
LOAD Drivers\STM32F7xx_HAL_Driver\Src\stm32f7xx_hal_pwr_ex.o
LOAD Drivers\STM32F7xx_HAL_Driver\Src\stm32f7xx_hal_rcc.o
LOAD Drivers\STM32F7xx_HAL_Driver\Src\stm32f7xx_hal_rcc_ex.o
LOAD Drivers\STM32F7xx_HAL_Driver\Src\stm32f7xx_hal_spi.o
LOAD Drivers\STM32F7xx_HAL_Driver\Src\stm32f7xx_hal_tim.o
LOAD Drivers\STM32F7xx_HAL_Driver\Src\stm32f7xx_hal_tim_ex.o
LOAD Drivers\STM32F7xx_HAL_Driver\Src\stm32f7xx_hal_uart.o
LOAD Src\control.o
LOAD Src\drive.o
LOAD Src\encorder.o
LOAD Src\flash.o
LOAD Src\global.o
LOAD Src\gyro.o
LOAD Src\interrupt.o
LOAD Src\main.o
LOAD Src\maze.o
LOAD Src\menu.o
LOAD Src\misc.o
LOAD Src\motor.o
LOAD Src\parameter.o
LOAD Src\stm32f7xx_hal_msp.o
LOAD Src\stm32f7xx_it.o
LOAD Src\syscall.o
LOAD Src\system_stm32f7xx.o
LOAD Src\wallsensor.o
LOAD startup\startup_stm32f722xx.o
                0x00000080                malloc_getpagesize_P = 0x80
START GROUP
LOAD c:/program files (x86)/atollic/truestudio for stm32 9.0.0/armtools/bin/../lib/gcc/arm-atollic-eabi/6.3.1/../../../../arm-atollic-eabi/lib/armv7e-m/fpu/fpv5-sp-d16\libc_nano.a
LOAD c:/program files (x86)/atollic/truestudio for stm32 9.0.0/armtools/bin/../lib/gcc/arm-atollic-eabi/6.3.1/../../../../arm-atollic-eabi/lib/armv7e-m/fpu/fpv5-sp-d16\libm.a
END GROUP
START GROUP
LOAD c:/program files (x86)/atollic/truestudio for stm32 9.0.0/armtools/bin/../lib/gcc/arm-atollic-eabi/6.3.1/armv7e-m/fpu/fpv5-sp-d16\libgcc.a
LOAD c:/program files (x86)/atollic/truestudio for stm32 9.0.0/armtools/bin/../lib/gcc/arm-atollic-eabi/6.3.1/../../../../arm-atollic-eabi/lib/armv7e-m/fpu/fpv5-sp-d16\libc_nano.a
END GROUP
START GROUP
LOAD c:/program files (x86)/atollic/truestudio for stm32 9.0.0/armtools/bin/../lib/gcc/arm-atollic-eabi/6.3.1/armv7e-m/fpu/fpv5-sp-d16\libgcc.a
LOAD c:/program files (x86)/atollic/truestudio for stm32 9.0.0/armtools/bin/../lib/gcc/arm-atollic-eabi/6.3.1/../../../../arm-atollic-eabi/lib/armv7e-m/fpu/fpv5-sp-d16\libc_nano.a
LOAD c:/program files (x86)/atollic/truestudio for stm32 9.0.0/armtools/bin/../lib/gcc/arm-atollic-eabi/6.3.1/../../../../arm-atollic-eabi/lib/armv7e-m/fpu/fpv5-sp-d16\libnosys.a
END GROUP
START GROUP
LOAD c:/program files (x86)/atollic/truestudio for stm32 9.0.0/armtools/bin/../lib/gcc/arm-atollic-eabi/6.3.1/armv7e-m/fpu/fpv5-sp-d16\libgcc.a
LOAD c:/program files (x86)/atollic/truestudio for stm32 9.0.0/armtools/bin/../lib/gcc/arm-atollic-eabi/6.3.1/../../../../arm-atollic-eabi/lib/armv7e-m/fpu/fpv5-sp-d16\libc_nano.a
LOAD c:/program files (x86)/atollic/truestudio for stm32 9.0.0/armtools/bin/../lib/gcc/arm-atollic-eabi/6.3.1/../../../../arm-atollic-eabi/lib/armv7e-m/fpu/fpv5-sp-d16\libnosys.a
END GROUP
LOAD c:/program files (x86)/atollic/truestudio for stm32 9.0.0/armtools/bin/../lib/gcc/arm-atollic-eabi/6.3.1/armv7e-m/fpu/fpv5-sp-d16/crtend.o
LOAD c:/program files (x86)/atollic/truestudio for stm32 9.0.0/armtools/bin/../lib/gcc/arm-atollic-eabi/6.3.1/armv7e-m/fpu/fpv5-sp-d16/crtn.o
                0x20040000                _estack = 0x20040000
                0x00000200                _Min_Heap_Size = 0x200
                0x00000400                _Min_Stack_Size = 0x400

.isr_vector     0x08000000      0x1e0
                0x08000000                . = ALIGN (0x4)
 *(.isr_vector)
 .isr_vector    0x08000000      0x1e0 startup\startup_stm32f722xx.o
                0x08000000                g_pfnVectors
                0x080001e0                . = ALIGN (0x4)

.backup_flash   0x08004000     0x4000
                0x08004000                _backup_flash_start = .
                0x08008000                . = (. + LENGTH (FLASH_SECTOR1))
 *fill*         0x08004000     0x4000 

.text           0x08008000    0x14784
                0x08008000                . = ALIGN (0x4)
 *(.text)
 .text          0x08008000       0x40 c:/program files (x86)/atollic/truestudio for stm32 9.0.0/armtools/bin/../lib/gcc/arm-atollic-eabi/6.3.1/armv7e-m/fpu/fpv5-sp-d16/crtbegin.o
 .text          0x08008040       0x10 c:/program files (x86)/atollic/truestudio for stm32 9.0.0/armtools/bin/../lib/gcc/arm-atollic-eabi/6.3.1/../../../../arm-atollic-eabi/lib/armv7e-m/fpu/fpv5-sp-d16\libc_nano.a(lib_a-strlen.o)
                0x08008040                strlen
 .text          0x08008050       0xa0 c:/program files (x86)/atollic/truestudio for stm32 9.0.0/armtools/bin/../lib/gcc/arm-atollic-eabi/6.3.1/../../../../arm-atollic-eabi/lib/armv7e-m/fpu/fpv5-sp-d16\libc_nano.a(lib_a-memchr.o)
                0x08008050                memchr
 .text          0x080080f0      0x370 c:/program files (x86)/atollic/truestudio for stm32 9.0.0/armtools/bin/../lib/gcc/arm-atollic-eabi/6.3.1/armv7e-m/fpu/fpv5-sp-d16\libgcc.a(_arm_addsubdf3.o)
                0x080080f0                __aeabi_drsub
                0x080080f8                __aeabi_dsub
                0x080080f8                __subdf3
                0x080080fc                __aeabi_dadd
                0x080080fc                __adddf3
                0x08008374                __floatunsidf
                0x08008374                __aeabi_ui2d
                0x08008394                __floatsidf
                0x08008394                __aeabi_i2d
                0x080083b8                __aeabi_f2d
                0x080083b8                __extendsfdf2
                0x080083f4                __floatundidf
                0x080083f4                __aeabi_ul2d
                0x08008404                __floatdidf
                0x08008404                __aeabi_l2d
 .text          0x08008460      0x424 c:/program files (x86)/atollic/truestudio for stm32 9.0.0/armtools/bin/../lib/gcc/arm-atollic-eabi/6.3.1/armv7e-m/fpu/fpv5-sp-d16\libgcc.a(_arm_muldivdf3.o)
                0x08008460                __aeabi_dmul
                0x08008460                __muldf3
                0x080086b4                __divdf3
                0x080086b4                __aeabi_ddiv
 .text          0x08008884      0x110 c:/program files (x86)/atollic/truestudio for stm32 9.0.0/armtools/bin/../lib/gcc/arm-atollic-eabi/6.3.1/armv7e-m/fpu/fpv5-sp-d16\libgcc.a(_arm_cmpdf2.o)
                0x08008884                __gtdf2
                0x08008884                __gedf2
                0x0800888c                __ltdf2
                0x0800888c                __ledf2
                0x08008894                __nedf2
                0x08008894                __eqdf2
                0x08008894                __cmpdf2
                0x08008910                __aeabi_cdrcmple
                0x08008920                __aeabi_cdcmpeq
                0x08008920                __aeabi_cdcmple
                0x08008930                __aeabi_dcmpeq
                0x08008944                __aeabi_dcmplt
                0x08008958                __aeabi_dcmple
                0x0800896c                __aeabi_dcmpge
                0x08008980                __aeabi_dcmpgt
 .text          0x08008994       0x2c c:/program files (x86)/atollic/truestudio for stm32 9.0.0/armtools/bin/../lib/gcc/arm-atollic-eabi/6.3.1/armv7e-m/fpu/fpv5-sp-d16\libgcc.a(_arm_unorddf2.o)
                0x08008994                __unorddf2
                0x08008994                __aeabi_dcmpun
 .text          0x080089c0       0x50 c:/program files (x86)/atollic/truestudio for stm32 9.0.0/armtools/bin/../lib/gcc/arm-atollic-eabi/6.3.1/armv7e-m/fpu/fpv5-sp-d16\libgcc.a(_arm_fixdfsi.o)
                0x080089c0                __aeabi_d2iz
                0x080089c0                __fixdfsi
 .text          0x08008a10       0xa0 c:/program files (x86)/atollic/truestudio for stm32 9.0.0/armtools/bin/../lib/gcc/arm-atollic-eabi/6.3.1/armv7e-m/fpu/fpv5-sp-d16\libgcc.a(_arm_truncdfsf2.o)
                0x08008a10                __truncdfsf2
                0x08008a10                __aeabi_d2f
 .text          0x08008ab0       0x30 c:/program files (x86)/atollic/truestudio for stm32 9.0.0/armtools/bin/../lib/gcc/arm-atollic-eabi/6.3.1/armv7e-m/fpu/fpv5-sp-d16\libgcc.a(_aeabi_uldivmod.o)
                0x08008ab0                __aeabi_uldivmod
 .text          0x08008ae0      0x2dc c:/program files (x86)/atollic/truestudio for stm32 9.0.0/armtools/bin/../lib/gcc/arm-atollic-eabi/6.3.1/armv7e-m/fpu/fpv5-sp-d16\libgcc.a(_udivmoddi4.o)
                0x08008ae0                __udivmoddi4
 .text          0x08008dbc        0x4 c:/program files (x86)/atollic/truestudio for stm32 9.0.0/armtools/bin/../lib/gcc/arm-atollic-eabi/6.3.1/armv7e-m/fpu/fpv5-sp-d16\libgcc.a(_dvmd_tls.o)
                0x08008dbc                __aeabi_idiv0
                0x08008dbc                __aeabi_ldiv0
 *(.text*)
 .text.HAL_InitTick
                0x08008dc0       0x48 Drivers\STM32F7xx_HAL_Driver\Src\stm32f7xx_hal.o
                0x08008dc0                HAL_InitTick
 .text.HAL_Init
                0x08008e08       0x18 Drivers\STM32F7xx_HAL_Driver\Src\stm32f7xx_hal.o
                0x08008e08                HAL_Init
 .text.HAL_IncTick
                0x08008e20       0x18 Drivers\STM32F7xx_HAL_Driver\Src\stm32f7xx_hal.o
                0x08008e20                HAL_IncTick
 .text.HAL_GetTick
                0x08008e38        0xc Drivers\STM32F7xx_HAL_Driver\Src\stm32f7xx_hal.o
                0x08008e38                HAL_GetTick
 .text.HAL_Delay
                0x08008e44       0x24 Drivers\STM32F7xx_HAL_Driver\Src\stm32f7xx_hal.o
                0x08008e44                HAL_Delay
 .text.HAL_ADC_Init
                0x08008e68      0x160 Drivers\STM32F7xx_HAL_Driver\Src\stm32f7xx_hal_adc.o
                0x08008e68                HAL_ADC_Init
 .text.HAL_ADC_Start_DMA
                0x08008fc8      0x124 Drivers\STM32F7xx_HAL_Driver\Src\stm32f7xx_hal_adc.o
                0x08008fc8                HAL_ADC_Start_DMA
 .text.HAL_ADC_ConvCpltCallback
                0x080090ec        0x4 Drivers\STM32F7xx_HAL_Driver\Src\stm32f7xx_hal_adc.o
                0x080090ec                HAL_ADC_ConvCpltCallback
 .text.ADC_DMAConvCplt
                0x080090f0       0x60 Drivers\STM32F7xx_HAL_Driver\Src\stm32f7xx_hal_adc.o
 .text.ADC_DMAHalfConvCplt
                0x08009150        0xc Drivers\STM32F7xx_HAL_Driver\Src\stm32f7xx_hal_adc.o
 .text.HAL_ADC_ErrorCallback
                0x0800915c        0x4 Drivers\STM32F7xx_HAL_Driver\Src\stm32f7xx_hal_adc.o
                0x0800915c                HAL_ADC_ErrorCallback
 .text.ADC_DMAError
                0x08009160       0x18 Drivers\STM32F7xx_HAL_Driver\Src\stm32f7xx_hal_adc.o
 .text.HAL_ADC_ConfigChannel
                0x08009178      0x168 Drivers\STM32F7xx_HAL_Driver\Src\stm32f7xx_hal_adc.o
                0x08009178                HAL_ADC_ConfigChannel
 .text.HAL_NVIC_SetPriorityGrouping
                0x080092e0       0x28 Drivers\STM32F7xx_HAL_Driver\Src\stm32f7xx_hal_cortex.o
                0x080092e0                HAL_NVIC_SetPriorityGrouping
 .text.HAL_NVIC_SetPriority
                0x08009308       0x74 Drivers\STM32F7xx_HAL_Driver\Src\stm32f7xx_hal_cortex.o
                0x08009308                HAL_NVIC_SetPriority
 .text.HAL_NVIC_EnableIRQ
                0x0800937c       0x18 Drivers\STM32F7xx_HAL_Driver\Src\stm32f7xx_hal_cortex.o
                0x0800937c                HAL_NVIC_EnableIRQ
 .text.HAL_SYSTICK_Config
                0x08009394       0x30 Drivers\STM32F7xx_HAL_Driver\Src\stm32f7xx_hal_cortex.o
                0x08009394                HAL_SYSTICK_Config
 .text.HAL_SYSTICK_CLKSourceConfig
                0x080093c4       0x18 Drivers\STM32F7xx_HAL_Driver\Src\stm32f7xx_hal_cortex.o
                0x080093c4                HAL_SYSTICK_CLKSourceConfig
 .text.HAL_SYSTICK_Callback
                0x080093dc        0x4 Drivers\STM32F7xx_HAL_Driver\Src\stm32f7xx_hal_cortex.o
                0x080093dc                HAL_SYSTICK_Callback
 .text.HAL_SYSTICK_IRQHandler
                0x080093e0        0x8 Drivers\STM32F7xx_HAL_Driver\Src\stm32f7xx_hal_cortex.o
                0x080093e0                HAL_SYSTICK_IRQHandler
 .text.HAL_DMA_Init
                0x080093e8      0x13c Drivers\STM32F7xx_HAL_Driver\Src\stm32f7xx_hal_dma.o
                0x080093e8                HAL_DMA_Init
 .text.HAL_DMA_Start_IT
                0x08009524       0x88 Drivers\STM32F7xx_HAL_Driver\Src\stm32f7xx_hal_dma.o
                0x08009524                HAL_DMA_Start_IT
 .text.HAL_DMA_IRQHandler
                0x080095ac      0x1a0 Drivers\STM32F7xx_HAL_Driver\Src\stm32f7xx_hal_dma.o
                0x080095ac                HAL_DMA_IRQHandler
 .text.FLASH_SetErrorCode
                0x0800974c       0x80 Drivers\STM32F7xx_HAL_Driver\Src\stm32f7xx_hal_flash.o
 .text.HAL_FLASH_Program
                0x080097cc      0x168 Drivers\STM32F7xx_HAL_Driver\Src\stm32f7xx_hal_flash.o
                0x080097cc                HAL_FLASH_Program
 .text.HAL_FLASH_Unlock
                0x08009934       0x28 Drivers\STM32F7xx_HAL_Driver\Src\stm32f7xx_hal_flash.o
                0x08009934                HAL_FLASH_Unlock
 .text.HAL_FLASH_Lock
                0x0800995c       0x14 Drivers\STM32F7xx_HAL_Driver\Src\stm32f7xx_hal_flash.o
                0x0800995c                HAL_FLASH_Lock
 .text.FLASH_WaitForLastOperation
                0x08009970       0x60 Drivers\STM32F7xx_HAL_Driver\Src\stm32f7xx_hal_flash.o
                0x08009970                FLASH_WaitForLastOperation
 .text.HAL_FLASHEx_Erase
                0x080099d0      0x10c Drivers\STM32F7xx_HAL_Driver\Src\stm32f7xx_hal_flash_ex.o
                0x080099d0                HAL_FLASHEx_Erase
 .text.HAL_GPIO_Init
                0x08009adc      0x228 Drivers\STM32F7xx_HAL_Driver\Src\stm32f7xx_hal_gpio.o
                0x08009adc                HAL_GPIO_Init
 .text.HAL_GPIO_WritePin
                0x08009d04        0x8 Drivers\STM32F7xx_HAL_Driver\Src\stm32f7xx_hal_gpio.o
                0x08009d04                HAL_GPIO_WritePin
 .text.HAL_GPIO_TogglePin
                0x08009d0c        0x8 Drivers\STM32F7xx_HAL_Driver\Src\stm32f7xx_hal_gpio.o
                0x08009d0c                HAL_GPIO_TogglePin
 .text.HAL_PWREx_EnableOverDrive
                0x08009d14       0x78 Drivers\STM32F7xx_HAL_Driver\Src\stm32f7xx_hal_pwr_ex.o
                0x08009d14                HAL_PWREx_EnableOverDrive
 .text.HAL_RCC_OscConfig
                0x08009d8c      0x3ac Drivers\STM32F7xx_HAL_Driver\Src\stm32f7xx_hal_rcc.o
                0x08009d8c                HAL_RCC_OscConfig
 .text.HAL_RCC_ClockConfig
                0x0800a138      0x194 Drivers\STM32F7xx_HAL_Driver\Src\stm32f7xx_hal_rcc.o
                0x0800a138                HAL_RCC_ClockConfig
 .text.HAL_RCC_GetSysClockFreq
                0x0800a2cc       0x68 Drivers\STM32F7xx_HAL_Driver\Src\stm32f7xx_hal_rcc.o
                0x0800a2cc                HAL_RCC_GetSysClockFreq
 .text.HAL_RCC_GetHCLKFreq
                0x0800a334        0xc Drivers\STM32F7xx_HAL_Driver\Src\stm32f7xx_hal_rcc.o
                0x0800a334                HAL_RCC_GetHCLKFreq
 .text.HAL_RCC_GetPCLK1Freq
                0x0800a340       0x20 Drivers\STM32F7xx_HAL_Driver\Src\stm32f7xx_hal_rcc.o
                0x0800a340                HAL_RCC_GetPCLK1Freq
 .text.HAL_RCC_GetPCLK2Freq
                0x0800a360       0x20 Drivers\STM32F7xx_HAL_Driver\Src\stm32f7xx_hal_rcc.o
                0x0800a360                HAL_RCC_GetPCLK2Freq
 .text.HAL_RCCEx_PeriphCLKConfig
                0x0800a380      0x480 Drivers\STM32F7xx_HAL_Driver\Src\stm32f7xx_hal_rcc_ex.o
                0x0800a380                HAL_RCCEx_PeriphCLKConfig
 .text.SPI_WaitFifoStateUntilTimeout.part.1
                0x0800a800       0x58 Drivers\STM32F7xx_HAL_Driver\Src\stm32f7xx_hal_spi.o
 .text.SPI_EndRxTxTransaction
                0x0800a858      0x104 Drivers\STM32F7xx_HAL_Driver\Src\stm32f7xx_hal_spi.o
 .text.HAL_SPI_Init
                0x0800a95c       0xc4 Drivers\STM32F7xx_HAL_Driver\Src\stm32f7xx_hal_spi.o
                0x0800a95c                HAL_SPI_Init
 .text.HAL_SPI_TransmitReceive
                0x0800aa20      0x2b4 Drivers\STM32F7xx_HAL_Driver\Src\stm32f7xx_hal_spi.o
                0x0800aa20                HAL_SPI_TransmitReceive
 .text.HAL_TIM_Base_Init
                0x0800acd4      0x14c Drivers\STM32F7xx_HAL_Driver\Src\stm32f7xx_hal_tim.o
                0x0800acd4                HAL_TIM_Base_Init
 .text.HAL_TIM_Base_Start_IT
                0x0800ae20       0x18 Drivers\STM32F7xx_HAL_Driver\Src\stm32f7xx_hal_tim.o
                0x0800ae20                HAL_TIM_Base_Start_IT
 .text.HAL_TIM_PWM_Init
                0x0800ae38      0x14c Drivers\STM32F7xx_HAL_Driver\Src\stm32f7xx_hal_tim.o
                0x0800ae38                HAL_TIM_PWM_Init
 .text.HAL_TIM_PWM_Start
                0x0800af84       0x48 Drivers\STM32F7xx_HAL_Driver\Src\stm32f7xx_hal_tim.o
                0x0800af84                HAL_TIM_PWM_Start
 .text.HAL_TIM_PWM_Stop
                0x0800afcc       0x74 Drivers\STM32F7xx_HAL_Driver\Src\stm32f7xx_hal_tim.o
                0x0800afcc                HAL_TIM_PWM_Stop
 .text.HAL_TIM_PeriodElapsedCallback
                0x0800b040        0x4 Drivers\STM32F7xx_HAL_Driver\Src\stm32f7xx_hal_tim.o
                0x0800b040                HAL_TIM_PeriodElapsedCallback
 .text.HAL_TIM_OC_DelayElapsedCallback
                0x0800b044        0x4 Drivers\STM32F7xx_HAL_Driver\Src\stm32f7xx_hal_tim.o
                0x0800b044                HAL_TIM_OC_DelayElapsedCallback
 .text.HAL_TIM_IC_CaptureCallback
                0x0800b048        0x4 Drivers\STM32F7xx_HAL_Driver\Src\stm32f7xx_hal_tim.o
                0x0800b048                HAL_TIM_IC_CaptureCallback
 .text.HAL_TIM_PWM_PulseFinishedCallback
                0x0800b04c        0x4 Drivers\STM32F7xx_HAL_Driver\Src\stm32f7xx_hal_tim.o
                0x0800b04c                HAL_TIM_PWM_PulseFinishedCallback
 .text.HAL_TIM_TriggerCallback
                0x0800b050        0x4 Drivers\STM32F7xx_HAL_Driver\Src\stm32f7xx_hal_tim.o
                0x0800b050                HAL_TIM_TriggerCallback
 .text.HAL_TIM_IRQHandler
                0x0800b054      0x170 Drivers\STM32F7xx_HAL_Driver\Src\stm32f7xx_hal_tim.o
                0x0800b054                HAL_TIM_IRQHandler
 .text.TIM_OC1_SetConfig
                0x0800b1c4       0x64 Drivers\STM32F7xx_HAL_Driver\Src\stm32f7xx_hal_tim.o
                0x0800b1c4                TIM_OC1_SetConfig
 .text.TIM_OC2_SetConfig
                0x0800b228       0x68 Drivers\STM32F7xx_HAL_Driver\Src\stm32f7xx_hal_tim.o
                0x0800b228                TIM_OC2_SetConfig
 .text.TIM_OC3_SetConfig
                0x0800b290       0x68 Drivers\STM32F7xx_HAL_Driver\Src\stm32f7xx_hal_tim.o
                0x0800b290                TIM_OC3_SetConfig
 .text.TIM_OC4_SetConfig
                0x0800b2f8       0x58 Drivers\STM32F7xx_HAL_Driver\Src\stm32f7xx_hal_tim.o
                0x0800b2f8                TIM_OC4_SetConfig
 .text.HAL_TIMEx_PWMN_Start
                0x0800b350       0x30 Drivers\STM32F7xx_HAL_Driver\Src\stm32f7xx_hal_tim_ex.o
                0x0800b350                HAL_TIMEx_PWMN_Start
 .text.HAL_TIMEx_PWMN_Stop
                0x0800b380       0x58 Drivers\STM32F7xx_HAL_Driver\Src\stm32f7xx_hal_tim_ex.o
                0x0800b380                HAL_TIMEx_PWMN_Stop
 .text.HAL_TIMEx_MasterConfigSynchronization
                0x0800b3d8       0x58 Drivers\STM32F7xx_HAL_Driver\Src\stm32f7xx_hal_tim_ex.o
                0x0800b3d8                HAL_TIMEx_MasterConfigSynchronization
 .text.HAL_TIMEx_ConfigBreakDeadTime
                0x0800b430       0x9c Drivers\STM32F7xx_HAL_Driver\Src\stm32f7xx_hal_tim_ex.o
                0x0800b430                HAL_TIMEx_ConfigBreakDeadTime
 .text.HAL_TIMEx_CommutationCallback
                0x0800b4cc        0x4 Drivers\STM32F7xx_HAL_Driver\Src\stm32f7xx_hal_tim_ex.o
                0x0800b4cc                HAL_TIMEx_CommutationCallback
 .text.HAL_TIMEx_BreakCallback
                0x0800b4d0        0x4 Drivers\STM32F7xx_HAL_Driver\Src\stm32f7xx_hal_tim_ex.o
                0x0800b4d0                HAL_TIMEx_BreakCallback
 .text.HAL_TIM_PWM_ConfigChannel
                0x0800b4d4      0x1bc Drivers\STM32F7xx_HAL_Driver\Src\stm32f7xx_hal_tim_ex.o
                0x0800b4d4                HAL_TIM_PWM_ConfigChannel
 .text.HAL_UART_Transmit
                0x0800b690      0x100 Drivers\STM32F7xx_HAL_Driver\Src\stm32f7xx_hal_uart.o
                0x0800b690                HAL_UART_Transmit
 .text.UART_AdvFeatureConfig
                0x0800b790       0xb0 Drivers\STM32F7xx_HAL_Driver\Src\stm32f7xx_hal_uart.o
                0x0800b790                UART_AdvFeatureConfig
 .text.HAL_UART_Init
                0x0800b840      0x388 Drivers\STM32F7xx_HAL_Driver\Src\stm32f7xx_hal_uart.o
                0x0800b840                HAL_UART_Init
 .text.calc_error
                0x0800bbc8      0x6a4 Src\control.o
                0x0800bbc8                calc_error
 *fill*         0x0800c26c        0x4 
 .text.trapezoid_acccel
                0x0800c270      0x2d0 Src\drive.o
                0x0800c270                trapezoid_acccel
 .text.trapezoid_slalome
                0x0800c540      0x1bc Src\drive.o
                0x0800c540                trapezoid_slalome
 .text.accel    0x0800c6fc       0x44 Src\drive.o
                0x0800c6fc                accel
 .text.stop     0x0800c740       0xe4 Src\drive.o
                0x0800c740                stop
 *fill*         0x0800c824        0x4 
 .text.get_velocity
                0x0800c828      0x338 Src\encorder.o
                0x0800c828                get_velocity
 .text.BackUpWallData
                0x0800cb60      0x430 Src\flash.o
                0x0800cb60                BackUpWallData
 .text.gyro_setup
                0x0800cf90      0x2cc Src\gyro.o
                0x0800cf90                gyro_setup
 .text.get_ang_vel
                0x0800d25c      0x144 Src\gyro.o
                0x0800d25c                get_ang_vel
 .text.gyro_get_reference
                0x0800d3a0      0x144 Src\gyro.o
                0x0800d3a0                gyro_get_reference
 *fill*         0x0800d4e4        0x4 
 .text.interrupt_TIM6
                0x0800d4e8      0x2a8 Src\interrupt.o
                0x0800d4e8                interrupt_TIM6
 .text.interrupt_TIM7
                0x0800d790       0x5c Src\interrupt.o
                0x0800d790                interrupt_TIM7
 .text.__io_putchar
                0x0800d7ec       0x20 Src\main.o
                0x0800d7ec                __io_putchar
 .text.SystemClock_Config
                0x0800d80c       0xc8 Src\main.o
                0x0800d80c                SystemClock_Config
 *fill*         0x0800d8d4        0x4 
 .text.startup.main
                0x0800d8d8      0x948 Src\main.o
                0x0800d8d8                main
 .text.HAL_ADC_ConvHalfCpltCallback
                0x0800e220       0x54 Src\main.o
                0x0800e220                HAL_ADC_ConvHalfCpltCallback
 .text._Error_Handler
                0x0800e274        0x4 Src\main.o
                0x0800e274                _Error_Handler
 .text.stepMapRenew.constprop.1
                0x0800e278      0x304 Src\maze.o
 .text.stepMapRenew_DiagMap.constprop.3
                0x0800e57c     0x16ac Src\maze.o
 .text.turn90_s.constprop.2
                0x0800fc28      0x24c Src\maze.o
 .text.writeWallData
                0x0800fe74      0x2c4 Src\maze.o
                0x0800fe74                writeWallData
 .text.stepMapRenew_DiagMap
                0x08010138     0x1dcc Src\maze.o
                0x08010138                stepMapRenew_DiagMap
 .text.mapRenew
                0x08011f04       0xb8 Src\maze.o
                0x08011f04                mapRenew
 .text.stepMapRenew
                0x08011fbc      0x460 Src\maze.o
                0x08011fbc                stepMapRenew
 .text.generateRoute_DiagMap
                0x0801241c      0x7b8 Src\maze.o
                0x0801241c                generateRoute_DiagMap
 .text.generatePass
                0x08012bd4      0x494 Src\maze.o
                0x08012bd4                generatePass
 .text.turn90_s
                0x08013068      0x334 Src\maze.o
                0x08013068                turn90_s
 *fill*         0x0801339c        0x4 
 .text.SprintRun
                0x080133a0      0xcb8 Src\maze.o
                0x080133a0                SprintRun
 .text.FrontWallControl
                0x08014058       0x38 Src\maze.o
                0x08014058                FrontWallControl
 .text.turnU_2  0x08014090      0x2ac Src\maze.o
                0x08014090                turnU_2
 *fill*         0x0801433c        0x4 
 .text.AdachiMethod
                0x08014340      0xa38 Src\maze.o
                0x08014340                AdachiMethod
 .text.SearchAlgorithm
                0x08014d78      0x948 Src\maze.o
                0x08014d78                SearchAlgorithm
 .text.ModeSelect
                0x080156c0      0x5c8 Src\menu.o
                0x080156c0                ModeSelect
 .text.selectmenu
                0x08015c88      0xdec Src\menu.o
                0x08015c88                selectmenu
 .text.LED      0x08016a74       0xdc Src\misc.o
                0x08016a74                LED
 .text.Speaker_ON
                0x08016b50       0x2c Src\misc.o
                0x08016b50                Speaker_ON
 .text.Speaker_Herz
                0x08016b7c       0x34 Src\misc.o
                0x08016b7c                Speaker_Herz
 .text.Speaker_OFF
                0x08016bb0       0x2c Src\misc.o
                0x08016bb0                Speaker_OFF
 .text.Speaker_Scale
                0x08016bdc       0x3c Src\misc.o
                0x08016bdc                Speaker_Scale
 .text.reset_status
                0x08016c18       0x40 Src\misc.o
                0x08016c18                reset_status
 .text.reset_error
                0x08016c58       0x90 Src\misc.o
                0x08016c58                reset_error
 .text.save_log
                0x08016ce8      0x28c Src\misc.o
                0x08016ce8                save_log
 .text.print_log
                0x08016f74      0x31c Src\misc.o
                0x08016f74                print_log
 .text.printMaze
                0x08017290      0x218 Src\misc.o
                0x08017290                printMaze
 .text.printPass
                0x080174a8      0x1d0 Src\misc.o
                0x080174a8                printPass
 .text.set_motor_duty
                0x08017678       0xd8 Src\motor.o
                0x08017678                set_motor_duty
 .text.enable_motor
                0x08017750       0x74 Src\motor.o
                0x08017750                enable_motor
 .text.disable_motor
                0x080177c4       0x48 Src\motor.o
                0x080177c4                disable_motor
 .text.setup_suction
                0x0801780c       0x18 Src\motor.o
                0x0801780c                setup_suction
 .text.enable_suction
                0x08017824       0x60 Src\motor.o
                0x08017824                enable_suction
 .text.disable_suction
                0x08017884       0x6c Src\motor.o
                0x08017884                disable_suction
 .text.drive_motor
                0x080178f0      0x2c8 Src\motor.o
                0x080178f0                drive_motor
 .text.set_parameter
                0x08017bb8      0x5f8 Src\parameter.o
                0x08017bb8                set_parameter
 .text.HAL_MspInit
                0x080181b0       0x60 Src\stm32f7xx_hal_msp.o
                0x080181b0                HAL_MspInit
 .text.HAL_ADC_MspInit
                0x08018210       0xcc Src\stm32f7xx_hal_msp.o
                0x08018210                HAL_ADC_MspInit
 .text.HAL_SPI_MspInit
                0x080182dc       0x50 Src\stm32f7xx_hal_msp.o
                0x080182dc                HAL_SPI_MspInit
 .text.HAL_TIM_PWM_MspInit
                0x0801832c       0x70 Src\stm32f7xx_hal_msp.o
                0x0801832c                HAL_TIM_PWM_MspInit
 .text.HAL_TIM_Base_MspInit
                0x0801839c       0x70 Src\stm32f7xx_hal_msp.o
                0x0801839c                HAL_TIM_Base_MspInit
 .text.HAL_TIM_MspPostInit
                0x0801840c       0x74 Src\stm32f7xx_hal_msp.o
                0x0801840c                HAL_TIM_MspPostInit
 .text.HAL_UART_MspInit
                0x08018480       0x50 Src\stm32f7xx_hal_msp.o
                0x08018480                HAL_UART_MspInit
 .text.NMI_Handler
                0x080184d0        0x4 Src\stm32f7xx_it.o
                0x080184d0                NMI_Handler
 .text.HardFault_Handler
                0x080184d4        0x4 Src\stm32f7xx_it.o
                0x080184d4                HardFault_Handler
 .text.MemManage_Handler
                0x080184d8        0x4 Src\stm32f7xx_it.o
                0x080184d8                MemManage_Handler
 .text.BusFault_Handler
                0x080184dc        0x4 Src\stm32f7xx_it.o
                0x080184dc                BusFault_Handler
 .text.UsageFault_Handler
                0x080184e0        0x4 Src\stm32f7xx_it.o
                0x080184e0                UsageFault_Handler
 .text.SVC_Handler
                0x080184e4        0x4 Src\stm32f7xx_it.o
                0x080184e4                SVC_Handler
 .text.DebugMon_Handler
                0x080184e8        0x4 Src\stm32f7xx_it.o
                0x080184e8                DebugMon_Handler
 .text.PendSV_Handler
                0x080184ec        0x4 Src\stm32f7xx_it.o
                0x080184ec                PendSV_Handler
 .text.SysTick_Handler
                0x080184f0       0x10 Src\stm32f7xx_it.o
                0x080184f0                SysTick_Handler
 .text.TIM6_DAC_IRQHandler
                0x08018500       0x14 Src\stm32f7xx_it.o
                0x08018500                TIM6_DAC_IRQHandler
 .text.TIM7_IRQHandler
                0x08018514       0x14 Src\stm32f7xx_it.o
                0x08018514                TIM7_IRQHandler
 .text.DMA2_Stream0_IRQHandler
                0x08018528        0xc Src\stm32f7xx_it.o
                0x08018528                DMA2_Stream0_IRQHandler
 .text._write   0x08018534       0x1c Src\syscall.o
                0x08018534                _write
 .text._sbrk    0x08018550       0x34 Src\syscall.o
                0x08018550                _sbrk
 .text._close   0x08018584        0x8 Src\syscall.o
                0x08018584                _close
 .text._fstat   0x0801858c        0xc Src\syscall.o
                0x0801858c                _fstat
 .text._isatty  0x08018598        0x4 Src\syscall.o
                0x08018598                _isatty
 .text._lseek   0x0801859c        0x4 Src\syscall.o
                0x0801859c                _lseek
 .text._read    0x080185a0        0x4 Src\syscall.o
                0x080185a0                _read
 .text.SystemInit
                0x080185a4       0x50 Src\system_stm32f7xx.o
                0x080185a4                SystemInit
 .text.wall_exist
                0x080185f4       0x5c Src\wallsensor.o
                0x080185f4                wall_exist
 .text.get_wallsensor_data2
                0x08018650      0x568 Src\wallsensor.o
                0x08018650                get_wallsensor_data2
 .text.edge_break
                0x08018bb8      0x394 Src\wallsensor.o
                0x08018bb8                edge_break
 .text.Reset_Handler
                0x08018f4c       0x50 startup\startup_stm32f722xx.o
                0x08018f4c                Reset_Handler
 .text.Default_Handler
                0x08018f9c        0x2 startup\startup_stm32f722xx.o
                0x08018f9c                RTC_Alarm_IRQHandler
                0x08018f9c                EXTI2_IRQHandler
                0x08018f9c                TIM8_CC_IRQHandler
                0x08018f9c                UART8_IRQHandler
                0x08018f9c                SPI4_IRQHandler
                0x08018f9c                TIM1_CC_IRQHandler
                0x08018f9c                DMA2_Stream5_IRQHandler
                0x08018f9c                DMA1_Stream5_IRQHandler
                0x08018f9c                PVD_IRQHandler
                0x08018f9c                TAMP_STAMP_IRQHandler
                0x08018f9c                EXTI3_IRQHandler
                0x08018f9c                TIM8_TRG_COM_TIM14_IRQHandler
                0x08018f9c                TIM1_UP_TIM10_IRQHandler
                0x08018f9c                TIM8_UP_TIM13_IRQHandler
                0x08018f9c                I2C3_ER_IRQHandler
                0x08018f9c                EXTI0_IRQHandler
                0x08018f9c                I2C2_EV_IRQHandler
                0x08018f9c                DMA1_Stream2_IRQHandler
                0x08018f9c                CAN1_RX0_IRQHandler
                0x08018f9c                FPU_IRQHandler
                0x08018f9c                OTG_HS_WKUP_IRQHandler
                0x08018f9c                DMA2_Stream2_IRQHandler
                0x08018f9c                SPI1_IRQHandler
                0x08018f9c                TIM1_BRK_TIM9_IRQHandler
                0x08018f9c                DMA2_Stream3_IRQHandler
                0x08018f9c                SAI2_IRQHandler
                0x08018f9c                USART6_IRQHandler
                0x08018f9c                USART3_IRQHandler
                0x08018f9c                CAN1_RX1_IRQHandler
                0x08018f9c                UART5_IRQHandler
                0x08018f9c                TIM4_IRQHandler
                0x08018f9c                QUADSPI_IRQHandler
                0x08018f9c                I2C1_EV_IRQHandler
                0x08018f9c                DMA1_Stream6_IRQHandler
                0x08018f9c                DMA1_Stream1_IRQHandler
                0x08018f9c                UART4_IRQHandler
                0x08018f9c                TIM3_IRQHandler
                0x08018f9c                RCC_IRQHandler
                0x08018f9c                TIM8_BRK_TIM12_IRQHandler
                0x08018f9c                Default_Handler
                0x08018f9c                EXTI15_10_IRQHandler
                0x08018f9c                ADC_IRQHandler
                0x08018f9c                DMA1_Stream7_IRQHandler
                0x08018f9c                SPI5_IRQHandler
                0x08018f9c                SDMMC1_IRQHandler
                0x08018f9c                TIM5_IRQHandler
                0x08018f9c                DMA2_Stream7_IRQHandler
                0x08018f9c                I2C3_EV_IRQHandler
                0x08018f9c                EXTI9_5_IRQHandler
                0x08018f9c                RTC_WKUP_IRQHandler
                0x08018f9c                SPI2_IRQHandler
                0x08018f9c                OTG_HS_EP1_IN_IRQHandler
                0x08018f9c                DMA1_Stream0_IRQHandler
                0x08018f9c                CAN1_TX_IRQHandler
                0x08018f9c                EXTI4_IRQHandler
                0x08018f9c                RNG_IRQHandler
                0x08018f9c                OTG_HS_EP1_OUT_IRQHandler
                0x08018f9c                WWDG_IRQHandler
                0x08018f9c                TIM2_IRQHandler
                0x08018f9c                OTG_FS_WKUP_IRQHandler
                0x08018f9c                TIM1_TRG_COM_TIM11_IRQHandler
                0x08018f9c                OTG_HS_IRQHandler
                0x08018f9c                EXTI1_IRQHandler
                0x08018f9c                SDMMC2_IRQHandler
                0x08018f9c                UART7_IRQHandler
                0x08018f9c                USART2_IRQHandler
                0x08018f9c                I2C2_ER_IRQHandler
                0x08018f9c                DMA2_Stream1_IRQHandler
                0x08018f9c                CAN1_SCE_IRQHandler
                0x08018f9c                FLASH_IRQHandler
                0x08018f9c                DMA2_Stream4_IRQHandler
                0x08018f9c                USART1_IRQHandler
                0x08018f9c                OTG_FS_IRQHandler
                0x08018f9c                SPI3_IRQHandler
                0x08018f9c                DMA1_Stream4_IRQHandler
                0x08018f9c                I2C1_ER_IRQHandler
                0x08018f9c                FMC_IRQHandler
                0x08018f9c                LPTIM1_IRQHandler
                0x08018f9c                DMA2_Stream6_IRQHandler
                0x08018f9c                SAI1_IRQHandler
                0x08018f9c                DMA1_Stream3_IRQHandler
 *fill*         0x08018f9e        0x2 
 .text.__libc_init_array
                0x08018fa0       0x48 c:/program files (x86)/atollic/truestudio for stm32 9.0.0/armtools/bin/../lib/gcc/arm-atollic-eabi/6.3.1/../../../../arm-atollic-eabi/lib/armv7e-m/fpu/fpv5-sp-d16\libc_nano.a(lib_a-init.o)
                0x08018fa0                __libc_init_array
 .text.__cvt    0x08018fe8       0xc2 c:/program files (x86)/atollic/truestudio for stm32 9.0.0/armtools/bin/../lib/gcc/arm-atollic-eabi/6.3.1/../../../../arm-atollic-eabi/lib/armv7e-m/fpu/fpv5-sp-d16\libc_nano.a(lib_a-nano-vfprintf_float.o)
                0x08018fe8                __cvt
 .text.__exponent
                0x080190aa       0x6a c:/program files (x86)/atollic/truestudio for stm32 9.0.0/armtools/bin/../lib/gcc/arm-atollic-eabi/6.3.1/../../../../arm-atollic-eabi/lib/armv7e-m/fpu/fpv5-sp-d16\libc_nano.a(lib_a-nano-vfprintf_float.o)
                0x080190aa                __exponent
 .text._printf_float
                0x08019114      0x480 c:/program files (x86)/atollic/truestudio for stm32 9.0.0/armtools/bin/../lib/gcc/arm-atollic-eabi/6.3.1/../../../../arm-atollic-eabi/lib/armv7e-m/fpu/fpv5-sp-d16\libc_nano.a(lib_a-nano-vfprintf_float.o)
                0x08019114                _printf_float
 .text._printf_common
                0x08019594       0xec c:/program files (x86)/atollic/truestudio for stm32 9.0.0/armtools/bin/../lib/gcc/arm-atollic-eabi/6.3.1/../../../../arm-atollic-eabi/lib/armv7e-m/fpu/fpv5-sp-d16\libc_nano.a(lib_a-nano-vfprintf_i.o)
                0x08019594                _printf_common
 .text._printf_i
                0x08019680      0x240 c:/program files (x86)/atollic/truestudio for stm32 9.0.0/armtools/bin/../lib/gcc/arm-atollic-eabi/6.3.1/../../../../arm-atollic-eabi/lib/armv7e-m/fpu/fpv5-sp-d16\libc_nano.a(lib_a-nano-vfprintf_i.o)
                0x08019680                _printf_i
 .text.printf   0x080198c0       0x30 c:/program files (x86)/atollic/truestudio for stm32 9.0.0/armtools/bin/../lib/gcc/arm-atollic-eabi/6.3.1/../../../../arm-atollic-eabi/lib/armv7e-m/fpu/fpv5-sp-d16\libc_nano.a(lib_a-printf.o)
                0x080198c0                iprintf
                0x080198c0                printf
 .text.putchar  0x080198f0       0x28 c:/program files (x86)/atollic/truestudio for stm32 9.0.0/armtools/bin/../lib/gcc/arm-atollic-eabi/6.3.1/../../../../arm-atollic-eabi/lib/armv7e-m/fpu/fpv5-sp-d16\libc_nano.a(lib_a-putchar.o)
                0x080198f0                putchar
 .text._puts_r  0x08019918       0xb8 c:/program files (x86)/atollic/truestudio for stm32 9.0.0/armtools/bin/../lib/gcc/arm-atollic-eabi/6.3.1/../../../../arm-atollic-eabi/lib/armv7e-m/fpu/fpv5-sp-d16\libc_nano.a(lib_a-puts.o)
                0x08019918                _puts_r
 .text.puts     0x080199d0       0x10 c:/program files (x86)/atollic/truestudio for stm32 9.0.0/armtools/bin/../lib/gcc/arm-atollic-eabi/6.3.1/../../../../arm-atollic-eabi/lib/armv7e-m/fpu/fpv5-sp-d16\libc_nano.a(lib_a-puts.o)
                0x080199d0                puts
 .text.setbuf   0x080199e0       0x10 c:/program files (x86)/atollic/truestudio for stm32 9.0.0/armtools/bin/../lib/gcc/arm-atollic-eabi/6.3.1/../../../../arm-atollic-eabi/lib/armv7e-m/fpu/fpv5-sp-d16\libc_nano.a(lib_a-setbuf.o)
                0x080199e0                setbuf
 .text.setvbuf  0x080199f0      0x15c c:/program files (x86)/atollic/truestudio for stm32 9.0.0/armtools/bin/../lib/gcc/arm-atollic-eabi/6.3.1/../../../../arm-atollic-eabi/lib/armv7e-m/fpu/fpv5-sp-d16\libc_nano.a(lib_a-setvbuf.o)
                0x080199f0                setvbuf
 .text.__swbuf_r
                0x08019b4c       0xa4 c:/program files (x86)/atollic/truestudio for stm32 9.0.0/armtools/bin/../lib/gcc/arm-atollic-eabi/6.3.1/../../../../arm-atollic-eabi/lib/armv7e-m/fpu/fpv5-sp-d16\libc_nano.a(lib_a-wbuf.o)
                0x08019b4c                __swbuf_r
 .text.__swsetup_r
                0x08019bf0       0xdc c:/program files (x86)/atollic/truestudio for stm32 9.0.0/armtools/bin/../lib/gcc/arm-atollic-eabi/6.3.1/../../../../arm-atollic-eabi/lib/armv7e-m/fpu/fpv5-sp-d16\libc_nano.a(lib_a-wsetup.o)
                0x08019bf0                __swsetup_r
 .text.quorem   0x08019ccc      0x118 c:/program files (x86)/atollic/truestudio for stm32 9.0.0/armtools/bin/../lib/gcc/arm-atollic-eabi/6.3.1/../../../../arm-atollic-eabi/lib/armv7e-m/fpu/fpv5-sp-d16\libc_nano.a(lib_a-dtoa.o)
 *fill*         0x08019de4        0x4 
 .text._dtoa_r  0x08019de8      0xb9c c:/program files (x86)/atollic/truestudio for stm32 9.0.0/armtools/bin/../lib/gcc/arm-atollic-eabi/6.3.1/../../../../arm-atollic-eabi/lib/armv7e-m/fpu/fpv5-sp-d16\libc_nano.a(lib_a-dtoa.o)
                0x08019de8                _dtoa_r
 .text.__sflush_r
                0x0801a984      0x110 c:/program files (x86)/atollic/truestudio for stm32 9.0.0/armtools/bin/../lib/gcc/arm-atollic-eabi/6.3.1/../../../../arm-atollic-eabi/lib/armv7e-m/fpu/fpv5-sp-d16\libc_nano.a(lib_a-fflush.o)
                0x0801a984                __sflush_r
 .text._fflush_r
                0x0801aa94       0x54 c:/program files (x86)/atollic/truestudio for stm32 9.0.0/armtools/bin/../lib/gcc/arm-atollic-eabi/6.3.1/../../../../arm-atollic-eabi/lib/armv7e-m/fpu/fpv5-sp-d16\libc_nano.a(lib_a-fflush.o)
                0x0801aa94                _fflush_r
 .text._cleanup_r
                0x0801aae8        0xc c:/program files (x86)/atollic/truestudio for stm32 9.0.0/armtools/bin/../lib/gcc/arm-atollic-eabi/6.3.1/../../../../arm-atollic-eabi/lib/armv7e-m/fpu/fpv5-sp-d16\libc_nano.a(lib_a-findfp.o)
                0x0801aae8                _cleanup_r
 .text.std.isra.0
                0x0801aaf4       0x48 c:/program files (x86)/atollic/truestudio for stm32 9.0.0/armtools/bin/../lib/gcc/arm-atollic-eabi/6.3.1/../../../../arm-atollic-eabi/lib/armv7e-m/fpu/fpv5-sp-d16\libc_nano.a(lib_a-findfp.o)
 .text.__sfmoreglue
                0x0801ab3c       0x2c c:/program files (x86)/atollic/truestudio for stm32 9.0.0/armtools/bin/../lib/gcc/arm-atollic-eabi/6.3.1/../../../../arm-atollic-eabi/lib/armv7e-m/fpu/fpv5-sp-d16\libc_nano.a(lib_a-findfp.o)
                0x0801ab3c                __sfmoreglue
 .text.__sinit  0x0801ab68       0x60 c:/program files (x86)/atollic/truestudio for stm32 9.0.0/armtools/bin/../lib/gcc/arm-atollic-eabi/6.3.1/../../../../arm-atollic-eabi/lib/armv7e-m/fpu/fpv5-sp-d16\libc_nano.a(lib_a-findfp.o)
                0x0801ab68                __sinit
 .text.__sfp    0x0801abc8       0x78 c:/program files (x86)/atollic/truestudio for stm32 9.0.0/armtools/bin/../lib/gcc/arm-atollic-eabi/6.3.1/../../../../arm-atollic-eabi/lib/armv7e-m/fpu/fpv5-sp-d16\libc_nano.a(lib_a-findfp.o)
                0x0801abc8                __sfp
 .text._fwalk_reent
                0x0801ac40       0x3c c:/program files (x86)/atollic/truestudio for stm32 9.0.0/armtools/bin/../lib/gcc/arm-atollic-eabi/6.3.1/../../../../arm-atollic-eabi/lib/armv7e-m/fpu/fpv5-sp-d16\libc_nano.a(lib_a-fwalk.o)
                0x0801ac40                _fwalk_reent
 .text._localeconv_r
                0x0801ac7c       0x1c c:/program files (x86)/atollic/truestudio for stm32 9.0.0/armtools/bin/../lib/gcc/arm-atollic-eabi/6.3.1/../../../../arm-atollic-eabi/lib/armv7e-m/fpu/fpv5-sp-d16\libc_nano.a(lib_a-localeconv.o)
                0x0801ac7c                _localeconv_r
 .text.__swhatbuf_r
                0x0801ac98       0x48 c:/program files (x86)/atollic/truestudio for stm32 9.0.0/armtools/bin/../lib/gcc/arm-atollic-eabi/6.3.1/../../../../arm-atollic-eabi/lib/armv7e-m/fpu/fpv5-sp-d16\libc_nano.a(lib_a-makebuf.o)
                0x0801ac98                __swhatbuf_r
 .text.__smakebuf_r
                0x0801ace0       0x80 c:/program files (x86)/atollic/truestudio for stm32 9.0.0/armtools/bin/../lib/gcc/arm-atollic-eabi/6.3.1/../../../../arm-atollic-eabi/lib/armv7e-m/fpu/fpv5-sp-d16\libc_nano.a(lib_a-makebuf.o)
                0x0801ace0                __smakebuf_r
 .text.malloc   0x0801ad60       0x10 c:/program files (x86)/atollic/truestudio for stm32 9.0.0/armtools/bin/../lib/gcc/arm-atollic-eabi/6.3.1/../../../../arm-atollic-eabi/lib/armv7e-m/fpu/fpv5-sp-d16\libc_nano.a(lib_a-malloc.o)
                0x0801ad60                malloc
 .text.memcpy   0x0801ad70       0x16 c:/program files (x86)/atollic/truestudio for stm32 9.0.0/armtools/bin/../lib/gcc/arm-atollic-eabi/6.3.1/../../../../arm-atollic-eabi/lib/armv7e-m/fpu/fpv5-sp-d16\libc_nano.a(lib_a-memcpy-stub.o)
                0x0801ad70                memcpy
 .text.memset   0x0801ad86       0x10 c:/program files (x86)/atollic/truestudio for stm32 9.0.0/armtools/bin/../lib/gcc/arm-atollic-eabi/6.3.1/../../../../arm-atollic-eabi/lib/armv7e-m/fpu/fpv5-sp-d16\libc_nano.a(lib_a-memset.o)
                0x0801ad86                memset
 .text._Balloc  0x0801ad96       0x68 c:/program files (x86)/atollic/truestudio for stm32 9.0.0/armtools/bin/../lib/gcc/arm-atollic-eabi/6.3.1/../../../../arm-atollic-eabi/lib/armv7e-m/fpu/fpv5-sp-d16\libc_nano.a(lib_a-mprec.o)
                0x0801ad96                _Balloc
 .text._Bfree   0x0801adfe       0x2e c:/program files (x86)/atollic/truestudio for stm32 9.0.0/armtools/bin/../lib/gcc/arm-atollic-eabi/6.3.1/../../../../arm-atollic-eabi/lib/armv7e-m/fpu/fpv5-sp-d16\libc_nano.a(lib_a-mprec.o)
                0x0801adfe                _Bfree
 .text.__multadd
                0x0801ae2c       0x76 c:/program files (x86)/atollic/truestudio for stm32 9.0.0/armtools/bin/../lib/gcc/arm-atollic-eabi/6.3.1/../../../../arm-atollic-eabi/lib/armv7e-m/fpu/fpv5-sp-d16\libc_nano.a(lib_a-mprec.o)
                0x0801ae2c                __multadd
 .text.__hi0bits
                0x0801aea2       0x3e c:/program files (x86)/atollic/truestudio for stm32 9.0.0/armtools/bin/../lib/gcc/arm-atollic-eabi/6.3.1/../../../../arm-atollic-eabi/lib/armv7e-m/fpu/fpv5-sp-d16\libc_nano.a(lib_a-mprec.o)
                0x0801aea2                __hi0bits
 .text.__lo0bits
                0x0801aee0       0x5e c:/program files (x86)/atollic/truestudio for stm32 9.0.0/armtools/bin/../lib/gcc/arm-atollic-eabi/6.3.1/../../../../arm-atollic-eabi/lib/armv7e-m/fpu/fpv5-sp-d16\libc_nano.a(lib_a-mprec.o)
                0x0801aee0                __lo0bits
 .text.__i2b    0x0801af3e       0x12 c:/program files (x86)/atollic/truestudio for stm32 9.0.0/armtools/bin/../lib/gcc/arm-atollic-eabi/6.3.1/../../../../arm-atollic-eabi/lib/armv7e-m/fpu/fpv5-sp-d16\libc_nano.a(lib_a-mprec.o)
                0x0801af3e                __i2b
 .text.__multiply
                0x0801af50      0x11a c:/program files (x86)/atollic/truestudio for stm32 9.0.0/armtools/bin/../lib/gcc/arm-atollic-eabi/6.3.1/../../../../arm-atollic-eabi/lib/armv7e-m/fpu/fpv5-sp-d16\libc_nano.a(lib_a-mprec.o)
                0x0801af50                __multiply
 *fill*         0x0801b06a        0x2 
 .text.__pow5mult
                0x0801b06c       0x9c c:/program files (x86)/atollic/truestudio for stm32 9.0.0/armtools/bin/../lib/gcc/arm-atollic-eabi/6.3.1/../../../../arm-atollic-eabi/lib/armv7e-m/fpu/fpv5-sp-d16\libc_nano.a(lib_a-mprec.o)
                0x0801b06c                __pow5mult
 .text.__lshift
                0x0801b108       0xa2 c:/program files (x86)/atollic/truestudio for stm32 9.0.0/armtools/bin/../lib/gcc/arm-atollic-eabi/6.3.1/../../../../arm-atollic-eabi/lib/armv7e-m/fpu/fpv5-sp-d16\libc_nano.a(lib_a-mprec.o)
                0x0801b108                __lshift
 .text.__mcmp   0x0801b1aa       0x34 c:/program files (x86)/atollic/truestudio for stm32 9.0.0/armtools/bin/../lib/gcc/arm-atollic-eabi/6.3.1/../../../../arm-atollic-eabi/lib/armv7e-m/fpu/fpv5-sp-d16\libc_nano.a(lib_a-mprec.o)
                0x0801b1aa                __mcmp
 .text.__mdiff  0x0801b1de       0xbc c:/program files (x86)/atollic/truestudio for stm32 9.0.0/armtools/bin/../lib/gcc/arm-atollic-eabi/6.3.1/../../../../arm-atollic-eabi/lib/armv7e-m/fpu/fpv5-sp-d16\libc_nano.a(lib_a-mprec.o)
                0x0801b1de                __mdiff
 .text.__d2b    0x0801b29a       0x9e c:/program files (x86)/atollic/truestudio for stm32 9.0.0/armtools/bin/../lib/gcc/arm-atollic-eabi/6.3.1/../../../../arm-atollic-eabi/lib/armv7e-m/fpu/fpv5-sp-d16\libc_nano.a(lib_a-mprec.o)
                0x0801b29a                __d2b
 .text._calloc_r
                0x0801b338       0x1c c:/program files (x86)/atollic/truestudio for stm32 9.0.0/armtools/bin/../lib/gcc/arm-atollic-eabi/6.3.1/../../../../arm-atollic-eabi/lib/armv7e-m/fpu/fpv5-sp-d16\libc_nano.a(lib_a-nano-callocr.o)
                0x0801b338                _calloc_r
 .text._free_r  0x0801b354       0x9c c:/program files (x86)/atollic/truestudio for stm32 9.0.0/armtools/bin/../lib/gcc/arm-atollic-eabi/6.3.1/../../../../arm-atollic-eabi/lib/armv7e-m/fpu/fpv5-sp-d16\libc_nano.a(lib_a-nano-freer.o)
                0x0801b354                _free_r
 .text._malloc_r
                0x0801b3f0       0xbc c:/program files (x86)/atollic/truestudio for stm32 9.0.0/armtools/bin/../lib/gcc/arm-atollic-eabi/6.3.1/../../../../arm-atollic-eabi/lib/armv7e-m/fpu/fpv5-sp-d16\libc_nano.a(lib_a-nano-mallocr.o)
                0x0801b3f0                _malloc_r
 .text.__sfputc_r
                0x0801b4ac       0x30 c:/program files (x86)/atollic/truestudio for stm32 9.0.0/armtools/bin/../lib/gcc/arm-atollic-eabi/6.3.1/../../../../arm-atollic-eabi/lib/armv7e-m/fpu/fpv5-sp-d16\libc_nano.a(lib_a-nano-vfprintf.o)
 .text.__sfputs_r
                0x0801b4dc       0x24 c:/program files (x86)/atollic/truestudio for stm32 9.0.0/armtools/bin/../lib/gcc/arm-atollic-eabi/6.3.1/../../../../arm-atollic-eabi/lib/armv7e-m/fpu/fpv5-sp-d16\libc_nano.a(lib_a-nano-vfprintf.o)
                0x0801b4dc                __sfputs_r
 .text._vfprintf_r
                0x0801b500      0x22c c:/program files (x86)/atollic/truestudio for stm32 9.0.0/armtools/bin/../lib/gcc/arm-atollic-eabi/6.3.1/../../../../arm-atollic-eabi/lib/armv7e-m/fpu/fpv5-sp-d16\libc_nano.a(lib_a-nano-vfprintf.o)
                0x0801b500                _vfprintf_r
                0x0801b500                _vfiprintf_r
 .text._putc_r  0x0801b72c       0x6c c:/program files (x86)/atollic/truestudio for stm32 9.0.0/armtools/bin/../lib/gcc/arm-atollic-eabi/6.3.1/../../../../arm-atollic-eabi/lib/armv7e-m/fpu/fpv5-sp-d16\libc_nano.a(lib_a-putc.o)
                0x0801b72c                _putc_r
 .text._sbrk_r  0x0801b798       0x20 c:/program files (x86)/atollic/truestudio for stm32 9.0.0/armtools/bin/../lib/gcc/arm-atollic-eabi/6.3.1/../../../../arm-atollic-eabi/lib/armv7e-m/fpu/fpv5-sp-d16\libc_nano.a(lib_a-sbrkr.o)
                0x0801b798                _sbrk_r
 .text.__sread  0x0801b7b8       0x22 c:/program files (x86)/atollic/truestudio for stm32 9.0.0/armtools/bin/../lib/gcc/arm-atollic-eabi/6.3.1/../../../../arm-atollic-eabi/lib/armv7e-m/fpu/fpv5-sp-d16\libc_nano.a(lib_a-stdio.o)
                0x0801b7b8                __sread
 .text.__swrite
                0x0801b7da       0x38 c:/program files (x86)/atollic/truestudio for stm32 9.0.0/armtools/bin/../lib/gcc/arm-atollic-eabi/6.3.1/../../../../arm-atollic-eabi/lib/armv7e-m/fpu/fpv5-sp-d16\libc_nano.a(lib_a-stdio.o)
                0x0801b7da                __swrite
 .text.__sseek  0x0801b812       0x24 c:/program files (x86)/atollic/truestudio for stm32 9.0.0/armtools/bin/../lib/gcc/arm-atollic-eabi/6.3.1/../../../../arm-atollic-eabi/lib/armv7e-m/fpu/fpv5-sp-d16\libc_nano.a(lib_a-stdio.o)
                0x0801b812                __sseek
 .text.__sclose
                0x0801b836        0x8 c:/program files (x86)/atollic/truestudio for stm32 9.0.0/armtools/bin/../lib/gcc/arm-atollic-eabi/6.3.1/../../../../arm-atollic-eabi/lib/armv7e-m/fpu/fpv5-sp-d16\libc_nano.a(lib_a-stdio.o)
                0x0801b836                __sclose
 *fill*         0x0801b83e        0x2 
 .text._write_r
                0x0801b840       0x24 c:/program files (x86)/atollic/truestudio for stm32 9.0.0/armtools/bin/../lib/gcc/arm-atollic-eabi/6.3.1/../../../../arm-atollic-eabi/lib/armv7e-m/fpu/fpv5-sp-d16\libc_nano.a(lib_a-writer.o)
                0x0801b840                _write_r
 .text._close_r
                0x0801b864       0x20 c:/program files (x86)/atollic/truestudio for stm32 9.0.0/armtools/bin/../lib/gcc/arm-atollic-eabi/6.3.1/../../../../arm-atollic-eabi/lib/armv7e-m/fpu/fpv5-sp-d16\libc_nano.a(lib_a-closer.o)
                0x0801b864                _close_r
 .text._fstat_r
                0x0801b884       0x24 c:/program files (x86)/atollic/truestudio for stm32 9.0.0/armtools/bin/../lib/gcc/arm-atollic-eabi/6.3.1/../../../../arm-atollic-eabi/lib/armv7e-m/fpu/fpv5-sp-d16\libc_nano.a(lib_a-fstatr.o)
                0x0801b884                _fstat_r
 .text._isatty_r
                0x0801b8a8       0x20 c:/program files (x86)/atollic/truestudio for stm32 9.0.0/armtools/bin/../lib/gcc/arm-atollic-eabi/6.3.1/../../../../arm-atollic-eabi/lib/armv7e-m/fpu/fpv5-sp-d16\libc_nano.a(lib_a-isattyr.o)
                0x0801b8a8                _isatty_r
 .text._lseek_r
                0x0801b8c8       0x24 c:/program files (x86)/atollic/truestudio for stm32 9.0.0/armtools/bin/../lib/gcc/arm-atollic-eabi/6.3.1/../../../../arm-atollic-eabi/lib/armv7e-m/fpu/fpv5-sp-d16\libc_nano.a(lib_a-lseekr.o)
                0x0801b8c8                _lseek_r
 .text.__ascii_mbtowc
                0x0801b8ec       0x24 c:/program files (x86)/atollic/truestudio for stm32 9.0.0/armtools/bin/../lib/gcc/arm-atollic-eabi/6.3.1/../../../../arm-atollic-eabi/lib/armv7e-m/fpu/fpv5-sp-d16\libc_nano.a(lib_a-mbtowc_r.o)
                0x0801b8ec                __ascii_mbtowc
 .text.__malloc_lock
                0x0801b910        0x2 c:/program files (x86)/atollic/truestudio for stm32 9.0.0/armtools/bin/../lib/gcc/arm-atollic-eabi/6.3.1/../../../../arm-atollic-eabi/lib/armv7e-m/fpu/fpv5-sp-d16\libc_nano.a(lib_a-mlock.o)
                0x0801b910                __malloc_lock
 .text.__malloc_unlock
                0x0801b912        0x2 c:/program files (x86)/atollic/truestudio for stm32 9.0.0/armtools/bin/../lib/gcc/arm-atollic-eabi/6.3.1/../../../../arm-atollic-eabi/lib/armv7e-m/fpu/fpv5-sp-d16\libc_nano.a(lib_a-mlock.o)
                0x0801b912                __malloc_unlock
 .text._read_r  0x0801b914       0x24 c:/program files (x86)/atollic/truestudio for stm32 9.0.0/armtools/bin/../lib/gcc/arm-atollic-eabi/6.3.1/../../../../arm-atollic-eabi/lib/armv7e-m/fpu/fpv5-sp-d16\libc_nano.a(lib_a-readr.o)
                0x0801b914                _read_r
 .text.__ascii_wctomb
                0x0801b938       0x1a c:/program files (x86)/atollic/truestudio for stm32 9.0.0/armtools/bin/../lib/gcc/arm-atollic-eabi/6.3.1/../../../../arm-atollic-eabi/lib/armv7e-m/fpu/fpv5-sp-d16\libc_nano.a(lib_a-wctomb_r.o)
                0x0801b938                __ascii_wctomb
 *fill*         0x0801b952        0x2 
 .text.logf     0x0801b954       0xec c:/program files (x86)/atollic/truestudio for stm32 9.0.0/armtools/bin/../lib/gcc/arm-atollic-eabi/6.3.1/../../../../arm-atollic-eabi/lib/armv7e-m/fpu/fpv5-sp-d16\libm.a(lib_a-wf_log.o)
                0x0801b954                logf
 .text.powf     0x0801ba40      0x2f8 c:/program files (x86)/atollic/truestudio for stm32 9.0.0/armtools/bin/../lib/gcc/arm-atollic-eabi/6.3.1/../../../../arm-atollic-eabi/lib/armv7e-m/fpu/fpv5-sp-d16\libm.a(lib_a-wf_pow.o)
                0x0801ba40                powf
 .text.__ieee754_logf
                0x0801bd38      0x1e4 c:/program files (x86)/atollic/truestudio for stm32 9.0.0/armtools/bin/../lib/gcc/arm-atollic-eabi/6.3.1/../../../../arm-atollic-eabi/lib/armv7e-m/fpu/fpv5-sp-d16\libm.a(lib_a-ef_log.o)
                0x0801bd38                __ieee754_logf
 .text.__ieee754_powf
                0x0801bf1c      0x584 c:/program files (x86)/atollic/truestudio for stm32 9.0.0/armtools/bin/../lib/gcc/arm-atollic-eabi/6.3.1/../../../../arm-atollic-eabi/lib/armv7e-m/fpu/fpv5-sp-d16\libm.a(lib_a-ef_pow.o)
                0x0801bf1c                __ieee754_powf
 .text.__ieee754_sqrtf
                0x0801c4a0       0x8e c:/program files (x86)/atollic/truestudio for stm32 9.0.0/armtools/bin/../lib/gcc/arm-atollic-eabi/6.3.1/../../../../arm-atollic-eabi/lib/armv7e-m/fpu/fpv5-sp-d16\libm.a(lib_a-ef_sqrt.o)
                0x0801c4a0                __ieee754_sqrtf
 .text.matherr  0x0801c52e        0x4 c:/program files (x86)/atollic/truestudio for stm32 9.0.0/armtools/bin/../lib/gcc/arm-atollic-eabi/6.3.1/../../../../arm-atollic-eabi/lib/armv7e-m/fpu/fpv5-sp-d16\libm.a(lib_a-s_matherr.o)
                0x0801c52e                matherr
 *fill*         0x0801c532        0x6 
 .text.nan      0x0801c538       0x10 c:/program files (x86)/atollic/truestudio for stm32 9.0.0/armtools/bin/../lib/gcc/arm-atollic-eabi/6.3.1/../../../../arm-atollic-eabi/lib/armv7e-m/fpu/fpv5-sp-d16\libm.a(lib_a-s_nan.o)
                0x0801c538                nan
 .text.rint     0x0801c548      0x110 c:/program files (x86)/atollic/truestudio for stm32 9.0.0/armtools/bin/../lib/gcc/arm-atollic-eabi/6.3.1/../../../../arm-atollic-eabi/lib/armv7e-m/fpu/fpv5-sp-d16\libm.a(lib_a-s_rint.o)
                0x0801c548                rint
 .text.fabsf    0x0801c658        0xe c:/program files (x86)/atollic/truestudio for stm32 9.0.0/armtools/bin/../lib/gcc/arm-atollic-eabi/6.3.1/../../../../arm-atollic-eabi/lib/armv7e-m/fpu/fpv5-sp-d16\libm.a(lib_a-sf_fabs.o)
                0x0801c658                fabsf
 .text.finitef  0x0801c666       0x14 c:/program files (x86)/atollic/truestudio for stm32 9.0.0/armtools/bin/../lib/gcc/arm-atollic-eabi/6.3.1/../../../../arm-atollic-eabi/lib/armv7e-m/fpu/fpv5-sp-d16\libm.a(lib_a-sf_finite.o)
                0x0801c666                finitef
 *fill*         0x0801c67a        0x2 
 .text.nanf     0x0801c67c        0xc c:/program files (x86)/atollic/truestudio for stm32 9.0.0/armtools/bin/../lib/gcc/arm-atollic-eabi/6.3.1/../../../../arm-atollic-eabi/lib/armv7e-m/fpu/fpv5-sp-d16\libm.a(lib_a-sf_nan.o)
                0x0801c67c                nanf
 .text.scalbnf  0x0801c688       0xc0 c:/program files (x86)/atollic/truestudio for stm32 9.0.0/armtools/bin/../lib/gcc/arm-atollic-eabi/6.3.1/../../../../arm-atollic-eabi/lib/armv7e-m/fpu/fpv5-sp-d16\libm.a(lib_a-sf_scalbn.o)
                0x0801c688                scalbnf
 .text.copysignf
                0x0801c748       0x18 c:/program files (x86)/atollic/truestudio for stm32 9.0.0/armtools/bin/../lib/gcc/arm-atollic-eabi/6.3.1/../../../../arm-atollic-eabi/lib/armv7e-m/fpu/fpv5-sp-d16\libm.a(lib_a-sf_copysign.o)
                0x0801c748                copysignf
 .text.__errno  0x0801c760        0xc c:/program files (x86)/atollic/truestudio for stm32 9.0.0/armtools/bin/../lib/gcc/arm-atollic-eabi/6.3.1/../../../../arm-atollic-eabi/lib/armv7e-m/fpu/fpv5-sp-d16\libc_nano.a(lib_a-errno.o)
                0x0801c760                __errno
 *(.glue_7)
 .glue_7        0x0801c76c        0x0 linker stubs
 *(.glue_7t)
 .glue_7t       0x0801c76c        0x0 linker stubs
 *(.eh_frame)
 .eh_frame      0x0801c76c        0x0 c:/program files (x86)/atollic/truestudio for stm32 9.0.0/armtools/bin/../lib/gcc/arm-atollic-eabi/6.3.1/armv7e-m/fpu/fpv5-sp-d16/crtbegin.o
 *(.init)
 .init          0x0801c76c        0x4 c:/program files (x86)/atollic/truestudio for stm32 9.0.0/armtools/bin/../lib/gcc/arm-atollic-eabi/6.3.1/armv7e-m/fpu/fpv5-sp-d16/crti.o
                0x0801c76c                _init
 .init          0x0801c770        0x8 c:/program files (x86)/atollic/truestudio for stm32 9.0.0/armtools/bin/../lib/gcc/arm-atollic-eabi/6.3.1/armv7e-m/fpu/fpv5-sp-d16/crtn.o
 *(.fini)
 .fini          0x0801c778        0x4 c:/program files (x86)/atollic/truestudio for stm32 9.0.0/armtools/bin/../lib/gcc/arm-atollic-eabi/6.3.1/armv7e-m/fpu/fpv5-sp-d16/crti.o
                0x0801c778                _fini
 .fini          0x0801c77c        0x8 c:/program files (x86)/atollic/truestudio for stm32 9.0.0/armtools/bin/../lib/gcc/arm-atollic-eabi/6.3.1/armv7e-m/fpu/fpv5-sp-d16/crtn.o
                0x0801c784                . = ALIGN (0x4)
                0x0801c784                _etext = .

.vfp11_veneer   0x0801c784        0x0
 .vfp11_veneer  0x0801c784        0x0 linker stubs

.v4_bx          0x0801c784        0x0
 .v4_bx         0x0801c784        0x0 linker stubs

.iplt           0x0801c784        0x0
 .iplt          0x0801c784        0x0 c:/program files (x86)/atollic/truestudio for stm32 9.0.0/armtools/bin/../lib/gcc/arm-atollic-eabi/6.3.1/armv7e-m/fpu/fpv5-sp-d16/crtbegin.o

.rodata         0x0801c788      0x658
                0x0801c788                . = ALIGN (0x4)
 *(.rodata)
 .rodata        0x0801c788      0x211 Src\misc.o
 *(.rodata*)
 *fill*         0x0801c999        0x3 
 .rodata.flagBitshiftOffset.9552
                0x0801c99c        0x8 Drivers\STM32F7xx_HAL_Driver\Src\stm32f7xx_hal_dma.o
 .rodata.CSWTCH.38
                0x0801c9a4        0x4 Drivers\STM32F7xx_HAL_Driver\Src\stm32f7xx_hal_uart.o
 .rodata.CSWTCH.39
                0x0801c9a8        0xd Drivers\STM32F7xx_HAL_Driver\Src\stm32f7xx_hal_uart.o
 *fill*         0x0801c9b5        0x3 
 .rodata.RESETState
                0x0801c9b8       0x30 Src\global.o
                0x0801c9b8                RESETState
 .rodata.RESET_ERROR
                0x0801c9e8       0x10 Src\global.o
                0x0801c9e8                RESET_ERROR
 .rodata.gyro_setup.str1.4
                0x0801c9f8        0x4 Src\gyro.o
 .rodata.main.str1.4
                0x0801c9fc        0x4 Src\main.o
 .rodata.CSWTCH.327
                0x0801ca00       0x1c Src\maze.o
 .rodata.CSWTCH.328
                0x0801ca1c       0x1c Src\maze.o
 .rodata.CSWTCH.329
                0x0801ca38       0x1c Src\maze.o
 .rodata.CSWTCH.330
                0x0801ca54       0x1c Src\maze.o
 .rodata.generateRoute_DiagMap.str1.4
                0x0801ca70       0x2e Src\maze.o
 *fill*         0x0801ca9e        0x2 
 .rodata.selectmenu.str1.4
                0x0801caa0        0xf Src\menu.o
                                 0x13 (size before relaxing)
 *fill*         0x0801caaf        0x1 
 .rodata.HAL_ADC_MspInit.str1.4
                0x0801cab0       0x1c Src\stm32f7xx_hal_msp.o
                                 0x1b (size before relaxing)
 .rodata.AHBPrescTable
                0x0801cacc       0x10 Src\system_stm32f7xx.o
                0x0801cacc                AHBPrescTable
 .rodata.APBPrescTable
                0x0801cadc        0x8 Src\system_stm32f7xx.o
                0x0801cadc                APBPrescTable
 .rodata._global_impure_ptr
                0x0801cae4        0x4 c:/program files (x86)/atollic/truestudio for stm32 9.0.0/armtools/bin/../lib/gcc/arm-atollic-eabi/6.3.1/../../../../arm-atollic-eabi/lib/armv7e-m/fpu/fpv5-sp-d16\libc_nano.a(lib_a-impure.o)
                0x0801cae4                _global_impure_ptr
 .rodata._printf_float.str1.1
                0x0801cae8       0x12 c:/program files (x86)/atollic/truestudio for stm32 9.0.0/armtools/bin/../lib/gcc/arm-atollic-eabi/6.3.1/../../../../arm-atollic-eabi/lib/armv7e-m/fpu/fpv5-sp-d16\libc_nano.a(lib_a-nano-vfprintf_float.o)
 .rodata._printf_i.str1.1
                0x0801cafa       0x22 c:/program files (x86)/atollic/truestudio for stm32 9.0.0/armtools/bin/../lib/gcc/arm-atollic-eabi/6.3.1/../../../../arm-atollic-eabi/lib/armv7e-m/fpu/fpv5-sp-d16\libc_nano.a(lib_a-nano-vfprintf_i.o)
 .rodata._dtoa_r.str1.1
                0x0801cb1c        0xd c:/program files (x86)/atollic/truestudio for stm32 9.0.0/armtools/bin/../lib/gcc/arm-atollic-eabi/6.3.1/../../../../arm-atollic-eabi/lib/armv7e-m/fpu/fpv5-sp-d16\libc_nano.a(lib_a-dtoa.o)
                                  0xf (size before relaxing)
 *fill*         0x0801cb29        0x3 
 .rodata.__sf_fake_stderr
                0x0801cb2c       0x20 c:/program files (x86)/atollic/truestudio for stm32 9.0.0/armtools/bin/../lib/gcc/arm-atollic-eabi/6.3.1/../../../../arm-atollic-eabi/lib/armv7e-m/fpu/fpv5-sp-d16\libc_nano.a(lib_a-findfp.o)
                0x0801cb2c                __sf_fake_stderr
 .rodata.__sf_fake_stdin
                0x0801cb4c       0x20 c:/program files (x86)/atollic/truestudio for stm32 9.0.0/armtools/bin/../lib/gcc/arm-atollic-eabi/6.3.1/../../../../arm-atollic-eabi/lib/armv7e-m/fpu/fpv5-sp-d16\libc_nano.a(lib_a-findfp.o)
                0x0801cb4c                __sf_fake_stdin
 .rodata.__sf_fake_stdout
                0x0801cb6c       0x20 c:/program files (x86)/atollic/truestudio for stm32 9.0.0/armtools/bin/../lib/gcc/arm-atollic-eabi/6.3.1/../../../../arm-atollic-eabi/lib/armv7e-m/fpu/fpv5-sp-d16\libc_nano.a(lib_a-findfp.o)
                0x0801cb6c                __sf_fake_stdout
 *fill*         0x0801cb8c        0x4 
 .rodata.__mprec_bigtens
                0x0801cb90       0x28 c:/program files (x86)/atollic/truestudio for stm32 9.0.0/armtools/bin/../lib/gcc/arm-atollic-eabi/6.3.1/../../../../arm-atollic-eabi/lib/armv7e-m/fpu/fpv5-sp-d16\libc_nano.a(lib_a-mprec.o)
                0x0801cb90                __mprec_bigtens
 .rodata.__mprec_tens
                0x0801cbb8       0xc8 c:/program files (x86)/atollic/truestudio for stm32 9.0.0/armtools/bin/../lib/gcc/arm-atollic-eabi/6.3.1/../../../../arm-atollic-eabi/lib/armv7e-m/fpu/fpv5-sp-d16\libc_nano.a(lib_a-mprec.o)
                0x0801cbb8                __mprec_tens
 .rodata.p05.7175
                0x0801cc80        0xc c:/program files (x86)/atollic/truestudio for stm32 9.0.0/armtools/bin/../lib/gcc/arm-atollic-eabi/6.3.1/../../../../arm-atollic-eabi/lib/armv7e-m/fpu/fpv5-sp-d16\libc_nano.a(lib_a-mprec.o)
 .rodata._vfprintf_r.str1.1
                0x0801cc8c       0x11 c:/program files (x86)/atollic/truestudio for stm32 9.0.0/armtools/bin/../lib/gcc/arm-atollic-eabi/6.3.1/../../../../arm-atollic-eabi/lib/armv7e-m/fpu/fpv5-sp-d16\libc_nano.a(lib_a-nano-vfprintf.o)
 .rodata._setlocale_r.str1.1
                0x0801cc9d        0x8 c:/program files (x86)/atollic/truestudio for stm32 9.0.0/armtools/bin/../lib/gcc/arm-atollic-eabi/6.3.1/../../../../arm-atollic-eabi/lib/armv7e-m/fpu/fpv5-sp-d16\libc_nano.a(lib_a-locale.o)
                                  0x9 (size before relaxing)
 .rodata.str1.1
                0x0801cca5        0x2 c:/program files (x86)/atollic/truestudio for stm32 9.0.0/armtools/bin/../lib/gcc/arm-atollic-eabi/6.3.1/../../../../arm-atollic-eabi/lib/armv7e-m/fpu/fpv5-sp-d16\libc_nano.a(lib_a-locale.o)
 .rodata._ctype_
                0x0801cca7      0x101 c:/program files (x86)/atollic/truestudio for stm32 9.0.0/armtools/bin/../lib/gcc/arm-atollic-eabi/6.3.1/../../../../arm-atollic-eabi/lib/armv7e-m/fpu/fpv5-sp-d16\libc_nano.a(lib_a-ctype_.o)
                0x0801cca7                _ctype_
 .rodata.logf.str1.1
                0x0801cda8        0x5 c:/program files (x86)/atollic/truestudio for stm32 9.0.0/armtools/bin/../lib/gcc/arm-atollic-eabi/6.3.1/../../../../arm-atollic-eabi/lib/armv7e-m/fpu/fpv5-sp-d16\libm.a(lib_a-wf_log.o)
                                  0x6 (size before relaxing)
 .rodata.powf.str1.1
                0x0801cdad        0x5 c:/program files (x86)/atollic/truestudio for stm32 9.0.0/armtools/bin/../lib/gcc/arm-atollic-eabi/6.3.1/../../../../arm-atollic-eabi/lib/armv7e-m/fpu/fpv5-sp-d16\libm.a(lib_a-wf_pow.o)
 .rodata.__ieee754_powf.str1.1
                0x0801cdb2        0x1 c:/program files (x86)/atollic/truestudio for stm32 9.0.0/armtools/bin/../lib/gcc/arm-atollic-eabi/6.3.1/../../../../arm-atollic-eabi/lib/armv7e-m/fpu/fpv5-sp-d16\libm.a(lib_a-ef_pow.o)
 *fill*         0x0801cdb2        0x2 
 .rodata.bp     0x0801cdb4        0x8 c:/program files (x86)/atollic/truestudio for stm32 9.0.0/armtools/bin/../lib/gcc/arm-atollic-eabi/6.3.1/../../../../arm-atollic-eabi/lib/armv7e-m/fpu/fpv5-sp-d16\libm.a(lib_a-ef_pow.o)
 .rodata.dp_h   0x0801cdbc        0x8 c:/program files (x86)/atollic/truestudio for stm32 9.0.0/armtools/bin/../lib/gcc/arm-atollic-eabi/6.3.1/../../../../arm-atollic-eabi/lib/armv7e-m/fpu/fpv5-sp-d16\libm.a(lib_a-ef_pow.o)
 .rodata.dp_l   0x0801cdc4        0x8 c:/program files (x86)/atollic/truestudio for stm32 9.0.0/armtools/bin/../lib/gcc/arm-atollic-eabi/6.3.1/../../../../arm-atollic-eabi/lib/armv7e-m/fpu/fpv5-sp-d16\libm.a(lib_a-ef_pow.o)
 *fill*         0x0801cdcc        0x4 
 .rodata.TWO52  0x0801cdd0       0x10 c:/program files (x86)/atollic/truestudio for stm32 9.0.0/armtools/bin/../lib/gcc/arm-atollic-eabi/6.3.1/../../../../arm-atollic-eabi/lib/armv7e-m/fpu/fpv5-sp-d16\libm.a(lib_a-s_rint.o)
                0x0801cde0                . = ALIGN (0x4)

.ARM.extab
 *(.ARM.extab* .gnu.linkonce.armextab.*)

.ARM            0x0801cde0        0x8
                0x0801cde0                __exidx_start = .
 *(.ARM.exidx*)
 .ARM.exidx     0x0801cde0        0x8 c:/program files (x86)/atollic/truestudio for stm32 9.0.0/armtools/bin/../lib/gcc/arm-atollic-eabi/6.3.1/armv7e-m/fpu/fpv5-sp-d16\libgcc.a(_udivmoddi4.o)
                0x0801cde8                __exidx_end = .

.rel.dyn        0x0801cde8        0x0
 .rel.iplt      0x0801cde8        0x0 c:/program files (x86)/atollic/truestudio for stm32 9.0.0/armtools/bin/../lib/gcc/arm-atollic-eabi/6.3.1/armv7e-m/fpu/fpv5-sp-d16/crtbegin.o

.preinit_array  0x0801cde8        0x0
                0x0801cde8                PROVIDE (__preinit_array_start, .)
 *(.preinit_array*)
                0x0801cde8                PROVIDE (__preinit_array_end, .)

.init_array     0x0801cde8        0x4
                0x0801cde8                PROVIDE (__init_array_start, .)
 *(SORT(.init_array.*))
 *(.init_array*)
 .init_array    0x0801cde8        0x4 c:/program files (x86)/atollic/truestudio for stm32 9.0.0/armtools/bin/../lib/gcc/arm-atollic-eabi/6.3.1/armv7e-m/fpu/fpv5-sp-d16/crtbegin.o
                0x0801cdec                PROVIDE (__init_array_end, .)

.fini_array     0x0801cdec        0x4
                [!provide]                PROVIDE (__fini_array_start, .)
 *(SORT(.fini_array.*))
 *(.fini_array*)
 .fini_array    0x0801cdec        0x4 c:/program files (x86)/atollic/truestudio for stm32 9.0.0/armtools/bin/../lib/gcc/arm-atollic-eabi/6.3.1/armv7e-m/fpu/fpv5-sp-d16/crtbegin.o
                [!provide]                PROVIDE (__fini_array_end, .)
                0x0801cdf0                _sidata = LOADADDR (.data)

.data           0x20000000      0x834 load address 0x0801cdf0
                0x20000000                . = ALIGN (0x4)
                0x20000000                _sdata = .
 *(.data)
 *(.data*)
 .data.uwTickFreq
                0x20000000        0x1 Drivers\STM32F7xx_HAL_Driver\Src\stm32f7xx_hal.o
                0x20000000                uwTickFreq
 *fill*         0x20000001        0x3 
 .data.uwTickPrio
                0x20000004        0x4 Drivers\STM32F7xx_HAL_Driver\Src\stm32f7xx_hal.o
                0x20000004                uwTickPrio
 .data.IR_Coefficient
                0x20000008       0x14 Src\global.o
                0x20000008                IR_Coefficient
 .data.IR_Con   0x2000001c       0x14 Src\global.o
                0x2000001c                IR_Con
 .data.IR_Det   0x20000030       0x14 Src\global.o
                0x20000030                IR_Det
 .data.IR_Ref_double
                0x20000044       0x14 Src\global.o
                0x20000044                IR_Ref_double
 .data.IR_Ref_single
                0x20000058       0x14 Src\global.o
                0x20000058                IR_Ref_single
 .data.IR_Segment
                0x2000006c       0x14 Src\global.o
                0x2000006c                IR_Segment
 .data.gain_ang_vel
                0x20000080        0xc Src\global.o
                0x20000080                gain_ang_vel
 .data.gain_deg
                0x2000008c        0xc Src\global.o
                0x2000008c                gain_deg
 .data.gain_vel
                0x20000098        0xc Src\global.o
                0x20000098                gain_vel
 .data.gain_wall_F_L
                0x200000a4        0xc Src\global.o
                0x200000a4                gain_wall_F_L
 .data.gain_wall_F_R
                0x200000b0        0xc Src\global.o
                0x200000b0                gain_wall_F_R
 .data.gain_wall_S
                0x200000bc        0xc Src\global.o
                0x200000bc                gain_wall_S
 .data.gain_wall_S_D
                0x200000c8        0xc Src\global.o
                0x200000c8                gain_wall_S_D
 .data.v06d90s_L
                0x200000d4       0x18 Src\parameter.o
                0x200000d4                v06d90s_L
 .data.v06d90s_R
                0x200000ec       0x18 Src\parameter.o
                0x200000ec                v06d90s_R
 .data.v12d90_D_L
                0x20000104       0x18 Src\parameter.o
                0x20000104                v12d90_D_L
 .data.v12d90_D_R
                0x2000011c       0x18 Src\parameter.o
                0x2000011c                v12d90_D_R
 .data.v13d135_I_L
                0x20000134       0x18 Src\parameter.o
                0x20000134                v13d135_I_L
 .data.v13d135_I_R
                0x2000014c       0x18 Src\parameter.o
                0x2000014c                v13d135_I_R
 .data.v13d135_O_L
                0x20000164       0x18 Src\parameter.o
                0x20000164                v13d135_O_L
 .data.v13d135_O_R
                0x2000017c       0x18 Src\parameter.o
                0x2000017c                v13d135_O_R
 .data.v13d180_L
                0x20000194       0x18 Src\parameter.o
                0x20000194                v13d180_L
 .data.v13d180_R
                0x200001ac       0x18 Src\parameter.o
                0x200001ac                v13d180_R
 .data.v13d45_I_L
                0x200001c4       0x18 Src\parameter.o
                0x200001c4                v13d45_I_L
 .data.v13d45_I_R
                0x200001dc       0x18 Src\parameter.o
                0x200001dc                v13d45_I_R
 .data.v13d90_R
                0x200001f4       0x18 Src\parameter.o
                0x200001f4                v13d90_R
 .data.v14d90_D_L
                0x2000020c       0x18 Src\parameter.o
                0x2000020c                v14d90_D_L
 .data.v14d90_D_R
                0x20000224       0x18 Src\parameter.o
                0x20000224                v14d90_D_R
 .data.v15d135_I_L
                0x2000023c       0x18 Src\parameter.o
                0x2000023c                v15d135_I_L
 .data.v15d135_I_R
                0x20000254       0x18 Src\parameter.o
                0x20000254                v15d135_I_R
 .data.v15d135_O_L
                0x2000026c       0x18 Src\parameter.o
                0x2000026c                v15d135_O_L
 .data.v15d135_O_R
                0x20000284       0x18 Src\parameter.o
                0x20000284                v15d135_O_R
 .data.v15d180_L
                0x2000029c       0x18 Src\parameter.o
                0x2000029c                v15d180_L
 .data.v15d180_R
                0x200002b4       0x18 Src\parameter.o
                0x200002b4                v15d180_R
 .data.v15d45_I_L
                0x200002cc       0x18 Src\parameter.o
                0x200002cc                v15d45_I_L
 .data.v15d45_I_R
                0x200002e4       0x18 Src\parameter.o
                0x200002e4                v15d45_I_R
 .data.v15d45_O_L
                0x200002fc       0x18 Src\parameter.o
                0x200002fc                v15d45_O_L
 .data.v15d45_O_R
                0x20000314       0x18 Src\parameter.o
                0x20000314                v15d45_O_R
 .data.v15d90_D_L
                0x2000032c       0x18 Src\parameter.o
                0x2000032c                v15d90_D_L
 .data.v15d90_D_R
                0x20000344       0x18 Src\parameter.o
                0x20000344                v15d90_D_R
 .data.v15d90_L
                0x2000035c       0x18 Src\parameter.o
                0x2000035c                v15d90_L
 .data.v15d90_R
                0x20000374       0x18 Src\parameter.o
                0x20000374                v15d90_R
 .data.v16d135_I_L
                0x2000038c       0x18 Src\parameter.o
                0x2000038c                v16d135_I_L
 .data.v16d135_I_R
                0x200003a4       0x18 Src\parameter.o
                0x200003a4                v16d135_I_R
 .data.v16d135_O_L
                0x200003bc       0x18 Src\parameter.o
                0x200003bc                v16d135_O_L
 .data.v16d135_O_R
                0x200003d4       0x18 Src\parameter.o
                0x200003d4                v16d135_O_R
 .data.v16d45_I_L
                0x200003ec       0x18 Src\parameter.o
                0x200003ec                v16d45_I_L
 .data.v16d45_I_R
                0x20000404       0x18 Src\parameter.o
                0x20000404                v16d45_I_R
 .data.v16d90_D_L
                0x2000041c       0x18 Src\parameter.o
                0x2000041c                v16d90_D_L
 .data.v16d90_D_R
                0x20000434       0x18 Src\parameter.o
                0x20000434                v16d90_D_R
 .data.v17d135_I_L
                0x2000044c       0x18 Src\parameter.o
                0x2000044c                v17d135_I_L
 .data.v17d135_I_R
                0x20000464       0x18 Src\parameter.o
                0x20000464                v17d135_I_R
 .data.v17d135_O_L
                0x2000047c       0x18 Src\parameter.o
                0x2000047c                v17d135_O_L
 .data.v17d135_O_R
                0x20000494       0x18 Src\parameter.o
                0x20000494                v17d135_O_R
 .data.v17d180_L
                0x200004ac       0x18 Src\parameter.o
                0x200004ac                v17d180_L
 .data.v17d180_R
                0x200004c4       0x18 Src\parameter.o
                0x200004c4                v17d180_R
 .data.v17d45_I_L
                0x200004dc       0x18 Src\parameter.o
                0x200004dc                v17d45_I_L
 .data.v17d45_I_R
                0x200004f4       0x18 Src\parameter.o
                0x200004f4                v17d45_I_R
 .data.v17d45_O_L
                0x2000050c       0x18 Src\parameter.o
                0x2000050c                v17d45_O_L
 .data.v17d45_O_R
                0x20000524       0x18 Src\parameter.o
                0x20000524                v17d45_O_R
 .data.v17d90_L
                0x2000053c       0x18 Src\parameter.o
                0x2000053c                v17d90_L
 .data.v17d90_R
                0x20000554       0x18 Src\parameter.o
                0x20000554                v17d90_R
 .data.v18d180_L
                0x2000056c       0x18 Src\parameter.o
                0x2000056c                v18d180_L
 .data.v18d180_R
                0x20000584       0x18 Src\parameter.o
                0x20000584                v18d180_R
 .data.v18d45_O_L
                0x2000059c       0x18 Src\parameter.o
                0x2000059c                v18d45_O_L
 .data.v18d45_O_R
                0x200005b4       0x18 Src\parameter.o
                0x200005b4                v18d45_O_R
 .data.v18d90_L
                0x200005cc       0x18 Src\parameter.o
                0x200005cc                v18d90_L
 .data.v18d90_R
                0x200005e4       0x18 Src\parameter.o
                0x200005e4                v18d90_R
 .data.v19d45_O_L
                0x200005fc       0x18 Src\parameter.o
                0x200005fc                v19d45_O_L
 .data.v19d45_O_R
                0x20000614       0x18 Src\parameter.o
                0x20000614                v19d45_O_R
 .data.v20d90_L
                0x2000062c       0x18 Src\parameter.o
                0x2000062c                v20d90_L
 .data.v20d90_R
                0x20000644       0x18 Src\parameter.o
                0x20000644                v20d90_R
 .data.SystemCoreClock
                0x2000065c        0x4 Src\system_stm32f7xx.o
                0x2000065c                SystemCoreClock
 .data._impure_ptr
                0x20000660        0x4 c:/program files (x86)/atollic/truestudio for stm32 9.0.0/armtools/bin/../lib/gcc/arm-atollic-eabi/6.3.1/../../../../arm-atollic-eabi/lib/armv7e-m/fpu/fpv5-sp-d16\libc_nano.a(lib_a-impure.o)
                0x20000660                _impure_ptr
 .data.impure_data
                0x20000664       0x60 c:/program files (x86)/atollic/truestudio for stm32 9.0.0/armtools/bin/../lib/gcc/arm-atollic-eabi/6.3.1/../../../../arm-atollic-eabi/lib/armv7e-m/fpu/fpv5-sp-d16\libc_nano.a(lib_a-impure.o)
 .data.__global_locale
                0x200006c4      0x16c c:/program files (x86)/atollic/truestudio for stm32 9.0.0/armtools/bin/../lib/gcc/arm-atollic-eabi/6.3.1/../../../../arm-atollic-eabi/lib/armv7e-m/fpu/fpv5-sp-d16\libc_nano.a(lib_a-locale.o)
                0x200006c4                __global_locale
 .data.__fdlib_version
                0x20000830        0x1 c:/program files (x86)/atollic/truestudio for stm32 9.0.0/armtools/bin/../lib/gcc/arm-atollic-eabi/6.3.1/../../../../arm-atollic-eabi/lib/armv7e-m/fpu/fpv5-sp-d16\libm.a(lib_a-s_lib_ver.o)
                0x20000830                __fdlib_version
                0x20000834                . = ALIGN (0x4)
 *fill*         0x20000831        0x3 
                0x20000834                _edata = .

.igot.plt       0x20000834        0x0 load address 0x0801d624
 .igot.plt      0x20000834        0x0 c:/program files (x86)/atollic/truestudio for stm32 9.0.0/armtools/bin/../lib/gcc/arm-atollic-eabi/6.3.1/armv7e-m/fpu/fpv5-sp-d16/crtbegin.o
                0x20000834                . = ALIGN (0x4)

.bss            0x20000834    0x15edc load address 0x0801d624
                0x20000834                _sbss = .
                0x20000834                __bss_start__ = _sbss
 *(.bss)
 .bss           0x20000834       0x1c c:/program files (x86)/atollic/truestudio for stm32 9.0.0/armtools/bin/../lib/gcc/arm-atollic-eabi/6.3.1/armv7e-m/fpu/fpv5-sp-d16/crtbegin.o
 *(.bss*)
 .bss.ex_enc_deg_L.10437
                0x20000850        0x4 Src\encorder.o
 .bss.ex_enc_deg_R.10436
                0x20000854        0x4 Src\encorder.o
 .bss.ex_vel_L.10439
                0x20000858        0x4 Src\encorder.o
 .bss.ex_vel_R.10438
                0x2000085c        0x4 Src\encorder.o
 .bss.gain_dis  0x20000860        0xc Src\global.o
                0x20000860                gain_dis
 .bss.Flag_FanStateEn_ex.10472
                0x2000086c        0x1 Src\interrupt.o
 *fill*         0x2000086d        0x3 
 .bss.count.10471
                0x20000870        0x4 Src\interrupt.o
 .bss.ex_ang_vel.10464
                0x20000874        0xc Src\interrupt.o
 .bss.direction
                0x20000880        0x4 Src\maze.o
                0x20000880                direction
 .bss.log_poz.10894
                0x20000884        0x4 Src\misc.o
 .bss.log_Hz.10895
                0x20000888        0x4 Src\misc.o
 .bss.heap_end.6999
                0x2000088c        0x4 Src\syscall.o
 .bss.IRLED_phase.10453
                0x20000890        0x1 Src\wallsensor.o
 *fill*         0x20000891        0x3 
 .bss.IR_Sen_buffer.10454
                0x20000894       0x14 Src\wallsensor.o
 .bss.__malloc_free_list
                0x200008a8        0x4 c:/program files (x86)/atollic/truestudio for stm32 9.0.0/armtools/bin/../lib/gcc/arm-atollic-eabi/6.3.1/../../../../arm-atollic-eabi/lib/armv7e-m/fpu/fpv5-sp-d16\libc_nano.a(lib_a-nano-mallocr.o)
                0x200008a8                __malloc_free_list
 .bss.__malloc_sbrk_start
                0x200008ac        0x4 c:/program files (x86)/atollic/truestudio for stm32 9.0.0/armtools/bin/../lib/gcc/arm-atollic-eabi/6.3.1/../../../../arm-atollic-eabi/lib/armv7e-m/fpu/fpv5-sp-d16\libc_nano.a(lib_a-nano-mallocr.o)
                0x200008ac                __malloc_sbrk_start
 *(COMMON)
 COMMON         0x200008b0        0x4 Drivers\STM32F7xx_HAL_Driver\Src\stm32f7xx_hal.o
                0x200008b0                uwTick
 COMMON         0x200008b4       0x1c Drivers\STM32F7xx_HAL_Driver\Src\stm32f7xx_hal_flash.o
                0x200008b4                pFlash
 COMMON         0x200008d0    0x14bbc Src\global.o
                0x200008d0                Flag_FanStateEn
                0x200008d4                log_ideal_deg
                0x20001874                Flag_wallConEn_S
                0x20001878                ex_IR_Sen
                0x200019a4                gyro_ref
                0x200019a8                log_Sen_dRF
                0x20002948                Flag_Check_IR_Sen_Mode
                0x20002949                Flag_diagMode
                0x2000294a                mode_gyro_Z
                0x2000294c                IR_Sen_dif_1
                0x2000295c                current_coord_y
                0x20002960                log_duty_R
                0x20003900                ADC_Buffer
                0x20003906                Goal_L
                0x20003908                log_Sen_RF
                0x200048a8                error_dis
                0x200048b8                Flag_gyroEn
                0x200048bc                log_ideal_avel
                0x2000585c                Goal_Y
                0x2000585d                Flag_modeSelectEn
                0x20005860                ex_IR_Sen_dif_1
                0x20005950                countTime
                0x20005954                log_Sen_RS
                0x200068f4                Flag_degConEn
                0x200068f5                Flag_MotorEn
                0x200068f8                log_real_avel
                0x20007898                IR_Sen
                0x200078ac                g_Duty_L
                0x200078b0                realState
                0x200078e0                current_coord_x
                0x200078e4                log_Sen_dRS
                0x20008884                wallExist
                0x20008888                log_Sen_LF
                0x20009828                IR_Sen_raw
                0x2000983c                log_VBatt
                0x2000a7dc                Flag_logEn
                0x2000a7e0                idealState
                0x2000a810                Flag_encEn
                0x2000a814                V_Batt
                0x2000a818                error_ang_vel
                0x2000a828                log_real_vel_L
                0x2000b7c8                g_Duty_R
                0x2000b7ca                waitTime
                0x2000b7cc                mode_gyro_Y
                0x2000b7d0                error_vel
                0x2000b7e0                log_Sen_dLF
                0x2000c780                error_wall_F_R
                0x2000c790                log_real_dis
                0x2000d730                Flag_countTimeEn
                0x2000d734                MazeDir
                0x2000d738                log_real_vel
                0x2000e6d8                Flag_exploreDone
                0x2000e6d9                Goal_X
                0x2000e6dc                error_deg
                0x2000e6ec                log_ideal_vel
                0x2000f68c                error_wall_S
                0x2000f69c                suction_ONtime
                0x2000f6a0                log_ideal_dis
                0x20010640                Flag_wallConEn_F
                0x20010642                mode_gyro_X
                0x20010644                log_Sen_dLS
                0x200115e4                log_Sen_LS
                0x20012584                log_real_vel_R
                0x20013524                Flag_failSafeEn
                0x20013525                suction_OFFtime
                0x20013526                Flag_IRLEDEn
                0x20013528                log_duty_L
                0x200144c8                error_wall_F_L
                0x200144d8                error_wall_S_D
                0x200144e8                Flag_FanAccel
                0x200144ec                log_real_deg
 COMMON         0x2001548c      0x2bc Src\main.o
                0x2001548c                htim8
                0x200154cc                hadc1
                0x20015514                huart1
                0x20015584                hdma_adc1
                0x200155e4                htim6
                0x20015624                htim1
                0x20015664                hspi1
                0x200156c8                htim2
                0x20015708                htim7
 COMMON         0x20015748      0xa24 Src\maze.o
                0x20015748                Flag_cellfound
                0x20015848                StepMap
                0x20015a48                pass
                0x20015b48                ex_dir
                0x20015b84                ex_CurrentX
                0x20015b98                routeDir
                0x20015c98                half_wall_ver
                0x20015cb8                wall_read_hor
                0x20015cd8                half_wall_read_hor
                0x20015cf8                wall_read_ver
                0x20015d18                wall_hor
                0x20015d38                ex_CurrentY
                0x20015d4c                DiagStepMap_ver
                0x20015f2c                half_wall_read_ver
                0x20015f4c                wall_ver
                0x20015f6c                DiagStepMap_hor
                0x2001614c                half_wall_hor
 COMMON         0x2001616c      0x5a0 Src\parameter.o
                0x2001616c                explore_turn_L
                0x20016184                parameter3
                0x200162e0                parameter2
                0x2001643c                parameter4
                0x20016598                explore_turn_R
                0x200165b0                parameter1
 COMMON         0x2001670c        0x4 c:/program files (x86)/atollic/truestudio for stm32 9.0.0/armtools/bin/../lib/gcc/arm-atollic-eabi/6.3.1/../../../../arm-atollic-eabi/lib/armv7e-m/fpu/fpv5-sp-d16\libc_nano.a(lib_a-reent.o)
                0x2001670c                errno
                0x20016710                . = ALIGN (0x4)
                0x20016710                _ebss = .
                0x20016710                __bss_end__ = _ebss

._user_heap_stack
                0x20016710      0x600 load address 0x0801d624
                0x20016710                . = ALIGN (0x4)
                0x20016710                PROVIDE (end, .)
                [!provide]                PROVIDE (_end, .)
                0x20016910                . = (. + _Min_Heap_Size)
 *fill*         0x20016710      0x200 
                0x20016d10                . = (. + _Min_Stack_Size)
 *fill*         0x20016910      0x400 
                0x20016d10                . = ALIGN (0x4)

/DISCARD/
 libc.a(*)
 libm.a(*)
 libgcc.a(*)

.ARM.attributes
                0x00000000       0x30
 *(.ARM.attributes)
 .ARM.attributes
                0x00000000       0x22 c:/program files (x86)/atollic/truestudio for stm32 9.0.0/armtools/bin/../lib/gcc/arm-atollic-eabi/6.3.1/armv7e-m/fpu/fpv5-sp-d16/crti.o
 .ARM.attributes
                0x00000022       0x34 c:/program files (x86)/atollic/truestudio for stm32 9.0.0/armtools/bin/../lib/gcc/arm-atollic-eabi/6.3.1/armv7e-m/fpu/fpv5-sp-d16/crtbegin.o
 .ARM.attributes
                0x00000056       0x35 Drivers\STM32F7xx_HAL_Driver\Src\stm32f7xx_hal.o
 .ARM.attributes
                0x0000008b       0x35 Drivers\STM32F7xx_HAL_Driver\Src\stm32f7xx_hal_adc.o
 .ARM.attributes
                0x000000c0       0x35 Drivers\STM32F7xx_HAL_Driver\Src\stm32f7xx_hal_cortex.o
 .ARM.attributes
                0x000000f5       0x35 Drivers\STM32F7xx_HAL_Driver\Src\stm32f7xx_hal_dma.o
 .ARM.attributes
                0x0000012a       0x35 Drivers\STM32F7xx_HAL_Driver\Src\stm32f7xx_hal_flash.o
 .ARM.attributes
                0x0000015f       0x35 Drivers\STM32F7xx_HAL_Driver\Src\stm32f7xx_hal_flash_ex.o
 .ARM.attributes
                0x00000194       0x35 Drivers\STM32F7xx_HAL_Driver\Src\stm32f7xx_hal_gpio.o
 .ARM.attributes
                0x000001c9       0x35 Drivers\STM32F7xx_HAL_Driver\Src\stm32f7xx_hal_pwr_ex.o
 .ARM.attributes
                0x000001fe       0x35 Drivers\STM32F7xx_HAL_Driver\Src\stm32f7xx_hal_rcc.o
 .ARM.attributes
                0x00000233       0x35 Drivers\STM32F7xx_HAL_Driver\Src\stm32f7xx_hal_rcc_ex.o
 .ARM.attributes
                0x00000268       0x35 Drivers\STM32F7xx_HAL_Driver\Src\stm32f7xx_hal_spi.o
 .ARM.attributes
                0x0000029d       0x35 Drivers\STM32F7xx_HAL_Driver\Src\stm32f7xx_hal_tim.o
 .ARM.attributes
                0x000002d2       0x35 Drivers\STM32F7xx_HAL_Driver\Src\stm32f7xx_hal_tim_ex.o
 .ARM.attributes
                0x00000307       0x35 Drivers\STM32F7xx_HAL_Driver\Src\stm32f7xx_hal_uart.o
 .ARM.attributes
                0x0000033c       0x35 Src\control.o
 .ARM.attributes