maze.c:1558:6:stepMapRenew.constprop	528	static
maze.c:290:6:stepMapRenew_DiagMap.constprop	15064	static
maze.c:2372:6:turn90_s.constprop	32	static
maze.c:105:9:checkMapWall	4	static
maze.c:162:6:writeMapWall	4	static
maze.c:201:6:writeWallData	28	static
maze.c:290:6:stepMapRenew_DiagMap	15072	static
maze.c:1217:6:mapRenew	0	static
maze.c:1558:6:stepMapRenew	560	static
maze.c:1617:6:generateRoute_DiagMap	96	static
maze.c:1888:6:generatePass	40	static
maze.c:2360:6:straight18	24	static
maze.c:2372:6:turn90_s	48	static
maze.c:2099:6:SprintRun	64	static
maze.c:2413:6:sprint_turn	40	static
maze.c:2438:6:turnU	48	static
maze.c:2500:6:FrontWallControl	8	static
maze.c:2511:6:turnU_2	24	static
maze.c:987:6:AdachiMethod	72	static
maze.c:1254:6:SearchAlgorithm	80	static
