stm32f7xx_it.c:55:6:NMI_Handler	0	static
stm32f7xx_it.c:68:6:HardFault_Handler	0	static
stm32f7xx_it.c:86:6:MemManage_Handler	0	static
stm32f7xx_it.c:104:6:BusFault_Handler	0	static
stm32f7xx_it.c:122:6:UsageFault_Handler	0	static
stm32f7xx_it.c:140:6:SVC_Handler	0	static
stm32f7xx_it.c:153:6:DebugMon_Handler	0	static
stm32f7xx_it.c:166:6:PendSV_Handler	0	static
stm32f7xx_it.c:179:6:SysTick_Handler	8	static
stm32f7xx_it.c:201:6:TIM6_DAC_IRQHandler	8	static
stm32f7xx_it.c:215:6:TIM7_IRQHandler	8	static
stm32f7xx_it.c:229:6:DMA2_Stream0_IRQHandler	0	static
