stm32f7xx_hal_msp.c:51:6:HAL_MspInit	8	static
stm32f7xx_hal_msp.c:80:6:HAL_ADC_MspInit	48	static
stm32f7xx_hal_msp.c:138:6:HAL_ADC_MspDeInit	8	static
stm32f7xx_hal_msp.c:169:6:HAL_SPI_MspInit	48	static
stm32f7xx_hal_msp.c:200:6:HAL_SPI_MspDeInit	0	static
stm32f7xx_hal_msp.c:225:6:HAL_TIM_PWM_MspInit	16	static
stm32f7xx_hal_msp.c:264:6:HAL_TIM_Base_MspInit	16	static
stm32f7xx_hal_msp.c:298:6:HAL_TIM_MspPostInit	40	static
stm32f7xx_hal_msp.c:364:6:HAL_TIM_PWM_MspDeInit	0	static
stm32f7xx_hal_msp.c:403:6:HAL_TIM_Base_MspDeInit	0	static
stm32f7xx_hal_msp.c:437:6:HAL_UART_MspInit	48	static
stm32f7xx_hal_msp.c:467:6:HAL_UART_MspDeInit	0	static
